Archive member included to satisfy reference by file (symbol)

C:/ST/STM32CubeIDE_1.17.0/STM32CubeIDE/plugins/com.st.stm32cube.ide.mcu.externaltools.gnu-tools-for-stm32.12.3.rel1.win32_1.1.0.202410251130/tools/bin/../lib/gcc/arm-none-eabi/12.3.1/../../../../arm-none-eabi/lib/thumb/v7e-m+fp/hard\libc_nano.a(libc_a-exit.o)
                              C:/ST/STM32CubeIDE_1.17.0/STM32CubeIDE/plugins/com.st.stm32cube.ide.mcu.externaltools.gnu-tools-for-stm32.12.3.rel1.win32_1.1.0.202410251130/tools/bin/../lib/gcc/arm-none-eabi/12.3.1/../../../../arm-none-eabi/lib/thumb/v7e-m+fp/hard/crt0.o (exit)
C:/ST/STM32CubeIDE_1.17.0/STM32CubeIDE/plugins/com.st.stm32cube.ide.mcu.externaltools.gnu-tools-for-stm32.12.3.rel1.win32_1.1.0.202410251130/tools/bin/../lib/gcc/arm-none-eabi/12.3.1/../../../../arm-none-eabi/lib/thumb/v7e-m+fp/hard\libc_nano.a(libc_a-malloc.o)
                              ./Middlewares/ST/STM32_USB_Host_Library/Class/HID/Src/usbh_hid.o (malloc)
C:/ST/STM32CubeIDE_1.17.0/STM32CubeIDE/plugins/com.st.stm32cube.ide.mcu.externaltools.gnu-tools-for-stm32.12.3.rel1.win32_1.1.0.202410251130/tools/bin/../lib/gcc/arm-none-eabi/12.3.1/../../../../arm-none-eabi/lib/thumb/v7e-m+fp/hard\libc_nano.a(libc_a-mallocr.o)
                              C:/ST/STM32CubeIDE_1.17.0/STM32CubeIDE/plugins/com.st.stm32cube.ide.mcu.externaltools.gnu-tools-for-stm32.12.3.rel1.win32_1.1.0.202410251130/tools/bin/../lib/gcc/arm-none-eabi/12.3.1/../../../../arm-none-eabi/lib/thumb/v7e-m+fp/hard\libc_nano.a(libc_a-malloc.o) (_malloc_r)
C:/ST/STM32CubeIDE_1.17.0/STM32CubeIDE/plugins/com.st.stm32cube.ide.mcu.externaltools.gnu-tools-for-stm32.12.3.rel1.win32_1.1.0.202410251130/tools/bin/../lib/gcc/arm-none-eabi/12.3.1/../../../../arm-none-eabi/lib/thumb/v7e-m+fp/hard\libc_nano.a(libc_a-mlock.o)
                              C:/ST/STM32CubeIDE_1.17.0/STM32CubeIDE/plugins/com.st.stm32cube.ide.mcu.externaltools.gnu-tools-for-stm32.12.3.rel1.win32_1.1.0.202410251130/tools/bin/../lib/gcc/arm-none-eabi/12.3.1/../../../../arm-none-eabi/lib/thumb/v7e-m+fp/hard\libc_nano.a(libc_a-mallocr.o) (__malloc_lock)
C:/ST/STM32CubeIDE_1.17.0/STM32CubeIDE/plugins/com.st.stm32cube.ide.mcu.externaltools.gnu-tools-for-stm32.12.3.rel1.win32_1.1.0.202410251130/tools/bin/../lib/gcc/arm-none-eabi/12.3.1/../../../../arm-none-eabi/lib/thumb/v7e-m+fp/hard\libc_nano.a(libc_a-findfp.o)
                              C:/ST/STM32CubeIDE_1.17.0/STM32CubeIDE/plugins/com.st.stm32cube.ide.mcu.externaltools.gnu-tools-for-stm32.12.3.rel1.win32_1.1.0.202410251130/tools/bin/../lib/gcc/arm-none-eabi/12.3.1/../../../../arm-none-eabi/lib/thumb/v7e-m+fp/hard\libc_nano.a(libc_a-exit.o) (__stdio_exit_handler)
C:/ST/STM32CubeIDE_1.17.0/STM32CubeIDE/plugins/com.st.stm32cube.ide.mcu.externaltools.gnu-tools-for-stm32.12.3.rel1.win32_1.1.0.202410251130/tools/bin/../lib/gcc/arm-none-eabi/12.3.1/../../../../arm-none-eabi/lib/thumb/v7e-m+fp/hard\libc_nano.a(libc_a-fwalk.o)
                              C:/ST/STM32CubeIDE_1.17.0/STM32CubeIDE/plugins/com.st.stm32cube.ide.mcu.externaltools.gnu-tools-for-stm32.12.3.rel1.win32_1.1.0.202410251130/tools/bin/../lib/gcc/arm-none-eabi/12.3.1/../../../../arm-none-eabi/lib/thumb/v7e-m+fp/hard\libc_nano.a(libc_a-findfp.o) (_fwalk_sglue)
C:/ST/STM32CubeIDE_1.17.0/STM32CubeIDE/plugins/com.st.stm32cube.ide.mcu.externaltools.gnu-tools-for-stm32.12.3.rel1.win32_1.1.0.202410251130/tools/bin/../lib/gcc/arm-none-eabi/12.3.1/../../../../arm-none-eabi/lib/thumb/v7e-m+fp/hard\libc_nano.a(libc_a-printf.o)
                              ./Core/Src/main.o (printf)
C:/ST/STM32CubeIDE_1.17.0/STM32CubeIDE/plugins/com.st.stm32cube.ide.mcu.externaltools.gnu-tools-for-stm32.12.3.rel1.win32_1.1.0.202410251130/tools/bin/../lib/gcc/arm-none-eabi/12.3.1/../../../../arm-none-eabi/lib/thumb/v7e-m+fp/hard\libc_nano.a(libc_a-putchar.o)
                              ./Middlewares/ST/STM32_USB_Host_Library/Class/HID/Src/usbh_hid.o (putchar)
C:/ST/STM32CubeIDE_1.17.0/STM32CubeIDE/plugins/com.st.stm32cube.ide.mcu.externaltools.gnu-tools-for-stm32.12.3.rel1.win32_1.1.0.202410251130/tools/bin/../lib/gcc/arm-none-eabi/12.3.1/../../../../arm-none-eabi/lib/thumb/v7e-m+fp/hard\libc_nano.a(libc_a-sprintf.o)
                              ./Core/Src/main.o (sprintf)
C:/ST/STM32CubeIDE_1.17.0/STM32CubeIDE/plugins/com.st.stm32cube.ide.mcu.externaltools.gnu-tools-for-stm32.12.3.rel1.win32_1.1.0.202410251130/tools/bin/../lib/gcc/arm-none-eabi/12.3.1/../../../../arm-none-eabi/lib/thumb/v7e-m+fp/hard\libc_nano.a(libc_a-stdio.o)
                              C:/ST/STM32CubeIDE_1.17.0/STM32CubeIDE/plugins/com.st.stm32cube.ide.mcu.externaltools.gnu-tools-for-stm32.12.3.rel1.win32_1.1.0.202410251130/tools/bin/../lib/gcc/arm-none-eabi/12.3.1/../../../../arm-none-eabi/lib/thumb/v7e-m+fp/hard\libc_nano.a(libc_a-findfp.o) (__sread)
[...]
Memory Configuration

Name             Origin             Length             Attributes
CCMRAM           0x10000000         0x00010000         xrw
RAM              0x20000000         0x00030000         xrw
FLASH            0x08000000         0x00200000         xr
*default*        0x00000000         0xffffffff

Linker script and memory map

LOAD C:/ST/STM32CubeIDE_1.17.0/STM32CubeIDE/plugins/com.st.stm32cube.ide.mcu.externaltools.gnu-tools-for-stm32.12.3.rel1.win32_1.1.0.202410251130/tools/bin/../lib/gcc/arm-none-eabi/12.3.1/thumb/v7e-m+fp/hard/crti.o
LOAD C:/ST/STM32CubeIDE_1.17.0/STM32CubeIDE/plugins/com.st.stm32cube.ide.mcu.externaltools.gnu-tools-for-stm32.12.3.rel1.win32_1.1.0.202410251130/tools/bin/../lib/gcc/arm-none-eabi/12.3.1/thumb/v7e-m+fp/hard/crtbegin.o
LOAD C:/ST/STM32CubeIDE_1.17.0/STM32CubeIDE/plugins/com.st.stm32cube.ide.mcu.externaltools.gnu-tools-for-stm32.12.3.rel1.win32_1.1.0.202410251130/tools/bin/../lib/gcc/arm-none-eabi/12.3.1/../../../../arm-none-eabi/lib/thumb/v7e-m+fp/hard/crt0.o
LOAD ./Core/Src/STLogo.o
LOAD ./Core/Src/XPT2046_touch.o
LOAD ./Core/Src/font12.o
LOAD ./Core/Src/font16.o
LOAD ./Core/Src/font20.o
LOAD ./Core/Src/font24.o
LOAD ./Core/Src/font8.o
LOAD ./Core/Src/ili9341.o
LOAD ./Core/Src/main.o
LOAD ./Core/Src/stm32f4xx_hal_msp.o
LOAD ./Core/Src/stm32f4xx_it.o
LOAD ./Core/Src/syscalls.o
LOAD ./Core/Src/sysmem.o
LOAD ./Core/Src/system_stm32f4xx.o
LOAD ./Core/Startup/startup_stm32f429vitx.o
LOAD ./Drivers/STM32F4xx_HAL_Driver/Src/stm32f4xx_hal.o
LOAD ./Drivers/STM32F4xx_HAL_Driver/Src/stm32f4xx_hal_cortex.o
LOAD ./Drivers/STM32F4xx_HAL_Driver/Src/stm32f4xx_hal_dma.o
LOAD ./Drivers/STM32F4xx_HAL_Driver/Src/stm32f4xx_hal_dma_ex.o
LOAD ./Drivers/STM32F4xx_HAL_Driver/Src/stm32f4xx_hal_exti.o
LOAD ./Drivers/STM32F4xx_HAL_Driver/Src/stm32f4xx_hal_flash.o
LOAD ./Drivers/STM32F4xx_HAL_Driver/Src/stm32f4xx_hal_flash_ex.o
LOAD ./Drivers/STM32F4xx_HAL_Driver/Src/stm32f4xx_hal_flash_ramfunc.o
LOAD ./Drivers/STM32F4xx_HAL_Driver/Src/stm32f4xx_hal_gpio.o
LOAD ./Drivers/STM32F4xx_HAL_Driver/Src/stm32f4xx_hal_hcd.o
LOAD ./Drivers/STM32F4xx_HAL_Driver/Src/stm32f4xx_hal_nand.o
LOAD ./Drivers/STM32F4xx_HAL_Driver/Src/stm32f4xx_hal_nor.o
LOAD ./Drivers/STM32F4xx_HAL_Driver/Src/stm32f4xx_hal_pccard.o
LOAD ./Drivers/STM32F4xx_HAL_Driver/Src/stm32f4xx_hal_pwr.o
LOAD ./Drivers/STM32F4xx_HAL_Driver/Src/stm32f4xx_hal_pwr_ex.o
LOAD ./Drivers/STM32F4xx_HAL_Driver/Src/stm32f4xx_hal_rcc.o
LOAD ./Drivers/STM32F4xx_HAL_Driver/Src/stm32f4xx_hal_rcc_ex.o
LOAD ./Drivers/STM32F4xx_HAL_Driver/Src/stm32f4xx_hal_sdram.o
LOAD ./Drivers/STM32F4xx_HAL_Driver/Src/stm32f4xx_hal_spi.o
LOAD ./Drivers/STM32F4xx_HAL_Driver/Src/stm32f4xx_hal_sram.o
LOAD ./Drivers/STM32F4xx_HAL_Driver/Src/stm32f4xx_hal_tim.o
LOAD ./Drivers/STM32F4xx_HAL_Driver/Src/stm32f4xx_hal_tim_ex.o
LOAD ./Drivers/STM32F4xx_HAL_Driver/Src/stm32f4xx_hal_uart.o
LOAD ./Drivers/STM32F4xx_HAL_Driver/Src/stm32f4xx_ll_fmc.o
LOAD ./Drivers/STM32F4xx_HAL_Driver/Src/stm32f4xx_ll_usb.o
LOAD ./Middlewares/ST/STM32_USB_Host_Library/Class/HID/Src/usbh_hid.o
LOAD ./Middlewares/ST/STM32_USB_Host_Library/Class/HID/Src/usbh_hid_keybd.o
LOAD ./Middlewares/ST/STM32_USB_Host_Library/Class/HID/Src/usbh_hid_mouse.o
LOAD ./Middlewares/ST/STM32_USB_Host_Library/Class/HID/Src/usbh_hid_parser.o
LOAD ./Middlewares/ST/STM32_USB_Host_Library/Core/Src/usbh_core.o
LOAD ./Middlewares/ST/STM32_USB_Host_Library/Core/Src/usbh_ctlreq.o
LOAD ./Middlewares/ST/STM32_USB_Host_Library/Core/Src/usbh_ioreq.o
LOAD ./Middlewares/ST/STM32_USB_Host_Library/Core/Src/usbh_pipes.o
LOAD ./USB_HOST/App/usb_host.o
LOAD ./USB_HOST/Target/usbh_conf.o
LOAD ./USB_HOST/Target/usbh_platform.o
START GROUP
LOAD C:/ST/STM32CubeIDE_1.17.0/STM32CubeIDE/plugins/com.st.stm32cube.ide.mcu.externaltools.gnu-tools-for-stm32.12.3.rel1.win32_1.1.0.202410251130/tools/bin/../lib/gcc/arm-none-eabi/12.3.1/../../../../arm-none-eabi/lib/thumb/v7e-m+fp/hard\libc_nano.a
LOAD C:/ST/STM32CubeIDE_1.17.0/STM32CubeIDE/plugins/com.st.stm32cube.ide.mcu.externaltools.gnu-tools-for-stm32.12.3.rel1.win32_1.1.0.202410251130/tools/bin/../lib/gcc/arm-none-eabi/12.3.1/../../../../arm-none-eabi/lib/thumb/v7e-m+fp/hard\libm.a
END GROUP
START GROUP
LOAD C:/ST/STM32CubeIDE_1.17.0/STM32CubeIDE/plugins/com.st.stm32cube.ide.mcu.externaltools.gnu-tools-for-stm32.12.3.rel1.win32_1.1.0.202410251130/tools/bin/../lib/gcc/arm-none-eabi/12.3.1/thumb/v7e-m+fp/hard\libgcc.a
LOAD C:/ST/STM32CubeIDE_1.17.0/STM32CubeIDE/plugins/com.st.stm32cube.ide.mcu.externaltools.gnu-tools-for-stm32.12.3.rel1.win32_1.1.0.202410251130/tools/bin/../lib/gcc/arm-none-eabi/12.3.1/../../../../arm-none-eabi/lib/thumb/v7e-m+fp/hard\libc_nano.a
END GROUP
START GROUP
LOAD C:/ST/STM32CubeIDE_1.17.0/STM32CubeIDE/plugins/com.st.stm32cube.ide.mcu.externaltools.gnu-tools-for-stm32.12.3.rel1.win32_1.1.0.202410251130/tools/bin/../lib/gcc/arm-none-eabi/12.3.1/thumb/v7e-m+fp/hard\libgcc.a
LOAD C:/ST/STM32CubeIDE_1.17.0/STM32CubeIDE/plugins/com.st.stm32cube.ide.mcu.externaltools.gnu-tools-for-stm32.12.3.rel1.win32_1.1.0.202410251130/tools/bin/../lib/gcc/arm-none-eabi/12.3.1/../../../../arm-none-eabi/lib/thumb/v7e-m+fp/hard\libc_nano.a
LOAD C:/ST/STM32CubeIDE_1.17.0/STM32CubeIDE/plugins/com.st.stm32cube.ide.mcu.externaltools.gnu-tools-for-stm32.12.3.rel1.win32_1.1.0.202410251130/tools/bin/../lib/gcc/arm-none-eabi/12.3.1/../../../../arm-none-eabi/lib/thumb/v7e-m+fp/hard\libnosys.a
END GROUP
START GROUP
LOAD C:/ST/STM32CubeIDE_1.17.0/STM32CubeIDE/plugins/com.st.stm32cube.ide.mcu.externaltools.gnu-tools-for-stm32.12.3.rel1.win32_1.1.0.202410251130/tools/bin/../lib/gcc/arm-none-eabi/12.3.1/thumb/v7e-m+fp/hard\libgcc.a
LOAD C:/ST/STM32CubeIDE_1.17.0/STM32CubeIDE/plugins/com.st.stm32cube.ide.mcu.externaltools.gnu-tools-for-stm32.12.3.rel1.win32_1.1.0.202410251130/tools/bin/../lib/gcc/arm-none-eabi/12.3.1/../../../../arm-none-eabi/lib/thumb/v7e-m+fp/hard\libc_nano.a
LOAD C:/ST/STM32CubeIDE_1.17.0/STM32CubeIDE/plugins/com.st.stm32cube.ide.mcu.externaltools.gnu-tools-for-stm32.12.3.rel1.win32_1.1.0.202410251130/tools/bin/../lib/gcc/arm-none-eabi/12.3.1/../../../../arm-none-eabi/lib/thumb/v7e-m+fp/hard\libnosys.a
END GROUP
LOAD C:/ST/STM32CubeIDE_1.17.0/STM32CubeIDE/plugins/com.st.stm32cube.ide.mcu.externaltools.gnu-tools-for-stm32.12.3.rel1.win32_1.1.0.202410251130/tools/bin/../lib/gcc/arm-none-eabi/12.3.1/thumb/v7e-m+fp/hard/crtend.o
LOAD C:/ST/STM32CubeIDE_1.17.0/STM32CubeIDE/plugins/com.st.stm32cube.ide.mcu.externaltools.gnu-tools-for-stm32.12.3.rel1.win32_1.1.0.202410251130/tools/bin/../lib/gcc/arm-none-eabi/12.3.1/thumb/v7e-m+fp/hard/crtn.o
                0x20030000                        _estack = (ORIGIN (RAM) + LENGTH (RAM))
                0x00000200                        _Min_Heap_Size = 0x200
                0x00000400                        _Min_Stack_Size = 0x400

.isr_vector     0x08000000      0x1ac
                0x08000000                        . = ALIGN (0x4)
 *(.isr_vector)
 .isr_vector    0x08000000      0x1ac ./Core/Startup/startup_stm32f429vitx.o
                0x08000000                g_pfnVectors
                0x080001ac                        . = ALIGN (0x4)

.text           0x080001b0     0xde0c
                0x080001b0                        . = ALIGN (0x4)
 *(.text)
 .text          0x080001b0       0x40 C:/ST/STM32CubeIDE_1.17.0/STM32CubeIDE/plugins/com.st.stm32cube.ide.mcu.externaltools.gnu-tools-for-stm32.12.3.rel1.win32_1.1.0.202410251130/tools/bin/../lib/gcc/arm-none-eabi/12.3.1/thumb/v7e-m+fp/hard/crtbegin.o
 .text          0x080001f0       0x10 C:/ST/STM32CubeIDE_1.17.0/STM32CubeIDE/plugins/com.st.stm32cube.ide.mcu.externaltools.gnu-tools-for-stm32.12.3.rel1.win32_1.1.0.202410251130/tools/bin/../lib/gcc/arm-none-eabi/12.3.1/../../../../arm-none-eabi/lib/thumb/v7e-m+fp/hard\libc_nano.a(libc_a-strlen.o)
                0x080001f0                strlen
 .text          0x08000200       0xa0 C:/ST/STM32CubeIDE_1.17.0/STM32CubeIDE/plugins/com.st.stm32cube.ide.mcu.externaltools.gnu-tools-for-stm32.12.3.rel1.win32_1.1.0.202410251130/tools/bin/../lib/gcc/arm-none-eabi/12.3.1/../../../../arm-none-eabi/lib/thumb/v7e-m+fp/hard\libc_nano.a(libc_a-memchr.o)
                0x08000200                memchr
 .text          0x080002a0       0x30 C:/ST/STM32CubeIDE_1.17.0/STM32CubeIDE/plugins/com.st.stm32cube.ide.mcu.externaltools.gnu-tools-for-stm32.12.3.rel1.win32_1.1.0.202410251130/tools/bin/../lib/gcc/arm-none-eabi/12.3.1/thumb/v7e-m+fp/hard\libgcc.a(_aeabi_uldivmod.o)
                0x080002a0                __aeabi_uldivmod
 .text          0x080002d0      0x2bc C:/ST/STM32CubeIDE_1.17.0/STM32CubeIDE/plugins/com.st.stm32cube.ide.mcu.externaltools.gnu-tools-for-stm32.12.3.rel1.win32_1.1.0.202410251130/tools/bin/../lib/gcc/arm-none-eabi/12.3.1/thumb/v7e-m+fp/hard\libgcc.a(_udivmoddi4.o)
                0x080002d0                __udivmoddi4
 .text          0x0800058c        0x4 C:/ST/STM32CubeIDE_1.17.0/STM32CubeIDE/plugins/com.st.stm32cube.ide.mcu.externaltools.gnu-tools-for-stm32.12.3.rel1.win32_1.1.0.202410251130/tools/bin/../lib/gcc/arm-none-eabi/12.3.1/thumb/v7e-m+fp/hard\libgcc.a(_dvmd_tls.o)
                0x0800058c                __aeabi_idiv0
                0x0800058c                __aeabi_ldiv0
 *(.text*)
 .text.XPT2046_TouchSelect
                0x08000590       0x18 ./Core/Src/XPT2046_touch.o
 .text.XPT2046_TouchUnselect
                0x080005a8       0x18 ./Core/Src/XPT2046_touch.o
 .text.XPT2046_TouchPressed
                0x080005c0       0x20 ./Core/Src/XPT2046_touch.o
                0x080005c0                XPT2046_TouchPressed
 .text.XPT2046_TouchGetCoordinates
                0x080005e0      0x168 ./Core/Src/XPT2046_touch.o
                0x080005e0                XPT2046_TouchGetCoordinates
 .text.lcdInit  0x08000748      0x2e8 ./Core/Src/ili9341.o
                0x08000748                lcdInit
 .text.lcdFillRGB
                0x08000a30       0x54 ./Core/Src/ili9341.o
                0x08000a30                lcdFillRGB
 .text.lcdDrawPixel
                0x08000a84       0x48 ./Core/Src/ili9341.o
                0x08000a84                lcdDrawPixel
 .text.lcdDrawHLine
                0x08000acc       0x8c ./Core/Src/ili9341.o
                0x08000acc                lcdDrawHLine
 .text.lcdDrawVLine
                0x08000b58       0xa0 ./Core/Src/ili9341.o
                0x08000b58                lcdDrawVLine
 .text.lcdDrawRect
                0x08000bf8       0x92 ./Core/Src/ili9341.o
                0x08000bf8                lcdDrawRect
 *fill*         0x08000c8a        0x2 
 .text.lcdDrawChar
                0x08000c8c      0x154 ./Core/Src/ili9341.o
                0x08000c8c                lcdDrawChar
 .text.lcdPrintf
                0x08000de0      0x118 ./Core/Src/ili9341.o
                0x08000de0                lcdPrintf
 .text.lcdSetTextFont
                0x08000ef8       0x20 ./Core/Src/ili9341.o
                0x08000ef8                lcdSetTextFont
 .text.lcdSetTextColor
                0x08000f18       0x2c ./Core/Src/ili9341.o
                0x08000f18                lcdSetTextColor
 .text.lcdSetOrientation
                0x08000f44       0xd4 ./Core/Src/ili9341.o
                0x08000f44                lcdSetOrientation
 .text.lcdSetCursor
                0x08001018       0x34 ./Core/Src/ili9341.o
                0x08001018                lcdSetCursor
 .text.lcdSetWindow
                0x0800104c       0x98 ./Core/Src/ili9341.o
                0x0800104c                lcdSetWindow
 .text.lcdReset
                0x080010e4       0x14 ./Core/Src/ili9341.o
 .text.lcdWriteCommand
                0x080010f8       0x20 ./Core/Src/ili9341.o
 .text.lcdWriteData
                0x08001118       0x20 ./Core/Src/ili9341.o
 .text.lcdBuildMemoryAccessControlConfig
                0x08001138       0x82 ./Core/Src/ili9341.o
 .text.ITM_SendChar
                0x080011ba       0x4e ./Core/Src/main.o
 .text._write   0x08001208       0x38 ./Core/Src/main.o
                0x08001208                _write
 .text.USBH_HID_EventCallback
                0x08001240      0x144 ./Core/Src/main.o
                0x08001240                USBH_HID_EventCallback
 .text.main     0x08001384       0x88 ./Core/Src/main.o
                0x08001384                main
 .text.SystemClock_Config
                0x0800140c       0xd4 ./Core/Src/main.o
                0x0800140c                SystemClock_Config
 .text.MX_SPI4_Init
                0x080014e0       0x6c ./Core/Src/main.o
 .text.MX_TIM3_Init
                0x0800154c       0xb0 ./Core/Src/main.o
 .text.MX_USART2_UART_Init
                0x080015fc       0x54 ./Core/Src/main.o
 .text.MX_FMC_Init
                0x08001650       0xc4 ./Core/Src/main.o
 .text.MX_GPIO_Init
                0x08001714      0x1a0 ./Core/Src/main.o
 .text.DrawMainPage
                0x080018b4      0x3c4 ./Core/Src/main.o
                0x080018b4                DrawMainPage
 .text.DrawInfoPage
                0x08001c78      0x154 ./Core/Src/main.o
                0x08001c78                DrawInfoPage
 .text.DrawConfirmationPage
                0x08001dcc       0xf0 ./Core/Src/main.o
                0x08001dcc                DrawConfirmationPage
 .text.DrawQueuePage
                0x08001ebc      0x1cc ./Core/Src/main.o
                0x08001ebc                DrawQueuePage
 .text.DrawPageFinish
                0x08002088       0x84 ./Core/Src/main.o
                0x08002088                DrawPageFinish
 .text.handleTouch
                0x0800210c      0x620 ./Core/Src/main.o
                0x0800210c                handleTouch
 .text.erase_sector
                0x0800272c       0x28 ./Core/Src/main.o
                0x0800272c                erase_sector
 .text.write_to_flash
                0x08002754       0x52 ./Core/Src/main.o
                0x08002754                write_to_flash
 .text.read_from_flash
                0x080027a6       0x6a ./Core/Src/main.o
                0x080027a6                read_from_flash
 .text.storeProtocol
                0x08002810      0x33e ./Core/Src/main.o
                0x08002810                storeProtocol
 .text.get_num_protocols_in_sector
                0x08002b4e       0x4e ./Core/Src/main.o
                0x08002b4e                get_num_protocols_in_sector
 .text.getFreeSector
                0x08002b9c       0x64 ./Core/Src/main.o
                0x08002b9c                getFreeSector
 .text.transmitProtocol
                0x08002c00       0x98 ./Core/Src/main.o
                0x08002c00                transmitProtocol
 .text.queueProtocol
                0x08002c98       0xb4 ./Core/Src/main.o
                0x08002c98                queueProtocol
 .text.transmitQueuedProtocols
                0x08002d4c       0x58 ./Core/Src/main.o
                0x08002d4c                transmitQueuedProtocols
 .text.deleteProtocol
                0x08002da4      0x290 ./Core/Src/main.o
                0x08002da4                deleteProtocol
 .text.get_sector_address
                0x08003034       0xd0 ./Core/Src/main.o
                0x08003034                get_sector_address
 .text.sector_mapping
                0x08003104       0x94 ./Core/Src/main.o
                0x08003104                sector_mapping
 .text.HAL_GPIO_EXTI_Callback
                0x08003198       0x2c ./Core/Src/main.o
                0x08003198                HAL_GPIO_EXTI_Callback
 .text.Error_Handler
                0x080031c4        0xc ./Core/Src/main.o
                0x080031c4                Error_Handler
 .text.HAL_MspInit
                0x080031d0       0x50 ./Core/Src/stm32f4xx_hal_msp.o
                0x080031d0                HAL_MspInit
 .text.HAL_SPI_MspInit
                0x08003220       0x90 ./Core/Src/stm32f4xx_hal_msp.o
                0x08003220                HAL_SPI_MspInit
 .text.HAL_TIM_PWM_MspInit
                0x080032b0       0x44 ./Core/Src/stm32f4xx_hal_msp.o
                0x080032b0                HAL_TIM_PWM_MspInit
 .text.HAL_TIM_MspPostInit
                0x080032f4       0x74 ./Core/Src/stm32f4xx_hal_msp.o
                0x080032f4                HAL_TIM_MspPostInit
 .text.HAL_UART_MspInit
                0x08003368       0x90 ./Core/Src/stm32f4xx_hal_msp.o
                0x08003368                HAL_UART_MspInit
 .text.HAL_FMC_MspInit
                0x080033f8       0x98 ./Core/Src/stm32f4xx_hal_msp.o
 .text.HAL_SRAM_MspInit
                0x08003490       0x14 ./Core/Src/stm32f4xx_hal_msp.o
                0x08003490                HAL_SRAM_MspInit
 .text.NMI_Handler
                0x080034a4        0x8 ./Core/Src/stm32f4xx_it.o
                0x080034a4                NMI_Handler
 .text.HardFault_Handler
                0x080034ac        0x8 ./Core/Src/stm32f4xx_it.o
                0x080034ac                HardFault_Handler
 .text.MemManage_Handler
                0x080034b4        0x8 ./Core/Src/stm32f4xx_it.o
                0x080034b4                MemManage_Handler
 .text.BusFault_Handler
                0x080034bc        0x8 ./Core/Src/stm32f4xx_it.o
                0x080034bc                BusFault_Handler
 .text.UsageFault_Handler
                0x080034c4        0x8 ./Core/Src/stm32f4xx_it.o
                0x080034c4                UsageFault_Handler
 .text.SVC_Handler
                0x080034cc        0xe ./Core/Src/stm32f4xx_it.o
                0x080034cc                SVC_Handler
 .text.DebugMon_Handler
                0x080034da        0xe ./Core/Src/stm32f4xx_it.o
                0x080034da                DebugMon_Handler
 .text.PendSV_Handler
                0x080034e8        0xe ./Core/Src/stm32f4xx_it.o
                0x080034e8                PendSV_Handler
 .text.SysTick_Handler
                0x080034f6        0xc ./Core/Src/stm32f4xx_it.o
                0x080034f6                SysTick_Handler
 .text.EXTI9_5_IRQHandler
                0x08003502        0xe ./Core/Src/stm32f4xx_it.o
                0x08003502                EXTI9_5_IRQHandler
 .text.OTG_FS_IRQHandler
                0x08003510       0x14 ./Core/Src/stm32f4xx_it.o
                0x08003510                OTG_FS_IRQHandler
 .text._read    0x08003524       0x3a ./Core/Src/syscalls.o
                0x08003524                _read
 .text._close   0x0800355e       0x18 ./Core/Src/syscalls.o
                0x0800355e                _close
 .text._fstat   0x08003576       0x20 ./Core/Src/syscalls.o
                0x08003576                _fstat
 .text._isatty  0x08003596       0x16 ./Core/Src/syscalls.o
                0x08003596                _isatty
 .text._lseek   0x080035ac       0x1a ./Core/Src/syscalls.o
                0x080035ac                _lseek
 *fill*         0x080035c6        0x2 
 .text._sbrk    0x080035c8       0x6c ./Core/Src/sysmem.o
                0x080035c8                _sbrk
 .text.SystemInit
                0x08003634       0x24 ./Core/Src/system_stm32f4xx.o
                0x08003634                SystemInit
 .text.Reset_Handler
                0x08003658       0x50 ./Core/Startup/startup_stm32f429vitx.o
                0x08003658                Reset_Handler
 .text.Default_Handler
                0x080036a8        0x2 ./Core/Startup/startup_stm32f429vitx.o
                0x080036a8                RTC_Alarm_IRQHandler
                0x080036a8                HASH_RNG_IRQHandler
                0x080036a8                EXTI2_IRQHandler
                0x080036a8                TIM8_CC_IRQHandler
                0x080036a8                UART8_IRQHandler
                0x080036a8                SPI4_IRQHandler
                0x080036a8                TIM1_CC_IRQHandler
                0x080036a8                DMA2_Stream5_IRQHandler
                0x080036a8                DMA1_Stream5_IRQHandler
                0x080036a8                PVD_IRQHandler
                0x080036a8                SDIO_IRQHandler
                0x080036a8                TAMP_STAMP_IRQHandler
                0x080036a8                CAN2_RX1_IRQHandler
                0x080036a8                EXTI3_IRQHandler
                0x080036a8                TIM8_TRG_COM_TIM14_IRQHandler
                0x080036a8                TIM1_UP_TIM10_IRQHandler
                0x080036a8                TIM8_UP_TIM13_IRQHandler
                0x080036a8                I2C3_ER_IRQHandler
                0x080036a8                EXTI0_IRQHandler
                0x080036a8                I2C2_EV_IRQHandler
                0x080036a8                DMA1_Stream2_IRQHandler
                0x080036a8                CAN1_RX0_IRQHandler
                0x080036a8                FPU_IRQHandler
                0x080036a8                OTG_HS_WKUP_IRQHandler
                0x080036a8                LTDC_ER_IRQHandler
                0x080036a8                CAN2_SCE_IRQHandler
                0x080036a8                DMA2_Stream2_IRQHandler
                0x080036a8                SPI1_IRQHandler
                0x080036a8                TIM6_DAC_IRQHandler
                0x080036a8                TIM1_BRK_TIM9_IRQHandler
                0x080036a8                DCMI_IRQHandler
                0x080036a8                CAN2_RX0_IRQHandler
                0x080036a8                DMA2_Stream3_IRQHandler
                0x080036a8                USART6_IRQHandler
                0x080036a8                USART3_IRQHandler
                0x080036a8                CAN1_RX1_IRQHandler
                0x080036a8                UART5_IRQHandler
                0x080036a8                DMA2_Stream0_IRQHandler
                0x080036a8                TIM4_IRQHandler
                0x080036a8                I2C1_EV_IRQHandler
                0x080036a8                DMA1_Stream6_IRQHandler
                0x080036a8                DMA1_Stream1_IRQHandler
                0x080036a8                UART4_IRQHandler
                0x080036a8                TIM3_IRQHandler
                0x080036a8                RCC_IRQHandler
                0x080036a8                TIM8_BRK_TIM12_IRQHandler
                0x080036a8                Default_Handler
                0x080036a8                EXTI15_10_IRQHandler
                0x080036a8                ADC_IRQHandler
                0x080036a8                DMA1_Stream7_IRQHandler
                0x080036a8                SPI5_IRQHandler
                0x080036a8                TIM7_IRQHandler
                0x080036a8                CAN2_TX_IRQHandler
                0x080036a8                TIM5_IRQHandler
                0x080036a8                DMA2_Stream7_IRQHandler
                0x080036a8                I2C3_EV_IRQHandler
                0x080036a8                RTC_WKUP_IRQHandler
                0x080036a8                LTDC_IRQHandler
                0x080036a8                ETH_WKUP_IRQHandler
                0x080036a8                SPI2_IRQHandler
                0x080036a8                OTG_HS_EP1_IN_IRQHandler
                0x080036a8                DMA1_Stream0_IRQHandler
                0x080036a8                CAN1_TX_IRQHandler
                0x080036a8                EXTI4_IRQHandler
                0x080036a8                ETH_IRQHandler
                0x080036a8                OTG_HS_EP1_OUT_IRQHandler
                0x080036a8                WWDG_IRQHandler
                0x080036a8                SPI6_IRQHandler
                0x080036a8                TIM2_IRQHandler
                0x080036a8                OTG_FS_WKUP_IRQHandler
                0x080036a8                TIM1_TRG_COM_TIM11_IRQHandler
                0x080036a8                OTG_HS_IRQHandler
                0x080036a8                DMA2D_IRQHandler
                0x080036a8                EXTI1_IRQHandler
                0x080036a8                UART7_IRQHandler
                0x080036a8                USART2_IRQHandler
                0x080036a8                I2C2_ER_IRQHandler
                0x080036a8                DMA2_Stream1_IRQHandler
                0x080036a8                CAN1_SCE_IRQHandler
                0x080036a8                FLASH_IRQHandler
                0x080036a8                DMA2_Stream4_IRQHandler
                0x080036a8                USART1_IRQHandler
                0x080036a8                SPI3_IRQHandler
                0x080036a8                DMA1_Stream4_IRQHandler
                0x080036a8                I2C1_ER_IRQHandler
                0x080036a8                FMC_IRQHandler
                0x080036a8                DMA2_Stream6_IRQHandler
                0x080036a8                SAI1_IRQHandler
                0x080036a8                DMA1_Stream3_IRQHandler
 *fill*         0x080036aa        0x2 
 .text.HAL_Init
                0x080036ac       0x44 ./Drivers/STM32F4xx_HAL_Driver/Src/stm32f4xx_hal.o
                0x080036ac                HAL_Init
 .text.HAL_InitTick
                0x080036f0       0x60 ./Drivers/STM32F4xx_HAL_Driver/Src/stm32f4xx_hal.o
                0x080036f0                HAL_InitTick
 .text.HAL_IncTick
                0x08003750       0x28 ./Drivers/STM32F4xx_HAL_Driver/Src/stm32f4xx_hal.o
                0x08003750                HAL_IncTick
 .text.HAL_GetTick
                0x08003778       0x18 ./Drivers/STM32F4xx_HAL_Driver/Src/stm32f4xx_hal.o
                0x08003778                HAL_GetTick
 .text.HAL_Delay
                0x08003790       0x48 ./Drivers/STM32F4xx_HAL_Driver/Src/stm32f4xx_hal.o
                0x08003790                HAL_Delay
 .text.__NVIC_SetPriorityGrouping
                0x080037d8       0x48 ./Drivers/STM32F4xx_HAL_Driver/Src/stm32f4xx_hal_cortex.o
 .text.__NVIC_GetPriorityGrouping
                0x08003820       0x1c ./Drivers/STM32F4xx_HAL_Driver/Src/stm32f4xx_hal_cortex.o
 .text.__NVIC_EnableIRQ
                0x0800383c       0x3c ./Drivers/STM32F4xx_HAL_Driver/Src/stm32f4xx_hal_cortex.o
 .text.__NVIC_SetPriority
                0x08003878       0x54 ./Drivers/STM32F4xx_HAL_Driver/Src/stm32f4xx_hal_cortex.o
 .text.NVIC_EncodePriority
                0x080038cc       0x66 ./Drivers/STM32F4xx_HAL_Driver/Src/stm32f4xx_hal_cortex.o
 *fill*         0x08003932        0x2 
 .text.SysTick_Config
                0x08003934       0x44 ./Drivers/STM32F4xx_HAL_Driver/Src/stm32f4xx_hal_cortex.o
 .text.HAL_NVIC_SetPriorityGrouping
                0x08003978       0x16 ./Drivers/STM32F4xx_HAL_Driver/Src/stm32f4xx_hal_cortex.o
                0x08003978                HAL_NVIC_SetPriorityGrouping
 .text.HAL_NVIC_SetPriority
                0x0800398e       0x38 ./Drivers/STM32F4xx_HAL_Driver/Src/stm32f4xx_hal_cortex.o
                0x0800398e                HAL_NVIC_SetPriority
 .text.HAL_NVIC_EnableIRQ
                0x080039c6       0x1c ./Drivers/STM32F4xx_HAL_Driver/Src/stm32f4xx_hal_cortex.o
                0x080039c6                HAL_NVIC_EnableIRQ
 .text.HAL_SYSTICK_Config
                0x080039e2       0x18 ./Drivers/STM32F4xx_HAL_Driver/Src/stm32f4xx_hal_cortex.o
                0x080039e2                HAL_SYSTICK_Config
 *fill*         0x080039fa        0x2 
 .text.HAL_FLASH_Program
                0x080039fc       0xa8 ./Drivers/STM32F4xx_HAL_Driver/Src/stm32f4xx_hal_flash.o
                0x080039fc                HAL_FLASH_Program
 .text.HAL_FLASH_Unlock
                0x08003aa4       0x44 ./Drivers/STM32F4xx_HAL_Driver/Src/stm32f4xx_hal_flash.o
                0x08003aa4                HAL_FLASH_Unlock
 .text.HAL_FLASH_Lock
                0x08003ae8       0x20 ./Drivers/STM32F4xx_HAL_Driver/Src/stm32f4xx_hal_flash.o
                0x08003ae8                HAL_FLASH_Lock
 .text.FLASH_WaitForLastOperation
                0x08003b08       0x80 ./Drivers/STM32F4xx_HAL_Driver/Src/stm32f4xx_hal_flash.o
                0x08003b08                FLASH_WaitForLastOperation
 .text.FLASH_Program_DoubleWord
                0x08003b88       0x64 ./Drivers/STM32F4xx_HAL_Driver/Src/stm32f4xx_hal_flash.o
 .text.FLASH_Program_Word
                0x08003bec       0x44 ./Drivers/STM32F4xx_HAL_Driver/Src/stm32f4xx_hal_flash.o
 .text.FLASH_Program_HalfWord
                0x08003c30       0x48 ./Drivers/STM32F4xx_HAL_Driver/Src/stm32f4xx_hal_flash.o
 .text.FLASH_Program_Byte
                0x08003c78       0x44 ./Drivers/STM32F4xx_HAL_Driver/Src/stm32f4xx_hal_flash.o
 .text.FLASH_SetErrorCode
                0x08003cbc       0xcc ./Drivers/STM32F4xx_HAL_Driver/Src/stm32f4xx_hal_flash.o
 .text.FLASH_Erase_Sector
                0x08003d88       0x9c ./Drivers/STM32F4xx_HAL_Driver/Src/stm32f4xx_hal_flash_ex.o
                0x08003d88                FLASH_Erase_Sector
 .text.HAL_GPIO_Init
                0x08003e24      0x358 ./Drivers/STM32F4xx_HAL_Driver/Src/stm32f4xx_hal_gpio.o
                0x08003e24                HAL_GPIO_Init
 .text.HAL_GPIO_ReadPin
                0x0800417c       0x30 ./Drivers/STM32F4xx_HAL_Driver/Src/stm32f4xx_hal_gpio.o
                0x0800417c                HAL_GPIO_ReadPin
 .text.HAL_GPIO_WritePin
                0x080041ac       0x32 ./Drivers/STM32F4xx_HAL_Driver/Src/stm32f4xx_hal_gpio.o
                0x080041ac                HAL_GPIO_WritePin
 *fill*         0x080041de        0x2 
 .text.HAL_GPIO_EXTI_IRQHandler
                0x080041e0       0x30 ./Drivers/STM32F4xx_HAL_Driver/Src/stm32f4xx_hal_gpio.o
                0x080041e0                HAL_GPIO_EXTI_IRQHandler
 .text.HAL_HCD_Init
                0x08004210       0xce ./Drivers/STM32F4xx_HAL_Driver/Src/stm32f4xx_hal_hcd.o
                0x08004210                HAL_HCD_Init
 .text.HAL_HCD_HC_Init
                0x080042de      0x170 ./Drivers/STM32F4xx_HAL_Driver/Src/stm32f4xx_hal_hcd.o
                0x080042de                HAL_HCD_HC_Init
 .text.HAL_HCD_HC_Halt
                0x0800444e       0x46 ./Drivers/STM32F4xx_HAL_Driver/Src/stm32f4xx_hal_hcd.o
                0x0800444e                HAL_HCD_HC_Halt
 .text.HAL_HCD_HC_SubmitRequest
                0x08004494      0x33c ./Drivers/STM32F4xx_HAL_Driver/Src/stm32f4xx_hal_hcd.o
                0x08004494                HAL_HCD_HC_SubmitRequest
 .text.HAL_HCD_IRQHandler
                0x080047d0      0x220 ./Drivers/STM32F4xx_HAL_Driver/Src/stm32f4xx_hal_hcd.o
                0x080047d0                HAL_HCD_IRQHandler
 .text.HAL_HCD_Start
                0x080049f0       0x46 ./Drivers/STM32F4xx_HAL_Driver/Src/stm32f4xx_hal_hcd.o
                0x080049f0                HAL_HCD_Start
 .text.HAL_HCD_Stop
                0x08004a36       0x3a ./Drivers/STM32F4xx_HAL_Driver/Src/stm32f4xx_hal_hcd.o
                0x08004a36                HAL_HCD_Stop
 .text.HAL_HCD_ResetPort
                0x08004a70       0x1c ./Drivers/STM32F4xx_HAL_Driver/Src/stm32f4xx_hal_hcd.o
                0x08004a70                HAL_HCD_ResetPort
 .text.HAL_HCD_HC_GetURBState
                0x08004a8c       0x2a ./Drivers/STM32F4xx_HAL_Driver/Src/stm32f4xx_hal_hcd.o
                0x08004a8c                HAL_HCD_HC_GetURBState
 .text.HAL_HCD_HC_GetXferCount
                0x08004ab6       0x2a ./Drivers/STM32F4xx_HAL_Driver/Src/stm32f4xx_hal_hcd.o
                0x08004ab6                HAL_HCD_HC_GetXferCount
 .text.HAL_HCD_GetCurrentFrame
                0x08004ae0       0x1c ./Drivers/STM32F4xx_HAL_Driver/Src/stm32f4xx_hal_hcd.o
                0x08004ae0                HAL_HCD_GetCurrentFrame
 .text.HAL_HCD_GetCurrentSpeed
                0x08004afc       0x1c ./Drivers/STM32F4xx_HAL_Driver/Src/stm32f4xx_hal_hcd.o
                0x08004afc                HAL_HCD_GetCurrentSpeed
 .text.HAL_HCD_HC_ClearHubInfo
                0x08004b18       0x6a ./Drivers/STM32F4xx_HAL_Driver/Src/stm32f4xx_hal_hcd.o
                0x08004b18                HAL_HCD_HC_ClearHubInfo
 .text.HCD_HC_IN_IRQHandler
                0x08004b82      0xcd2 ./Drivers/STM32F4xx_HAL_Driver/Src/stm32f4xx_hal_hcd.o
 .text.HCD_HC_OUT_IRQHandler
                0x08005854      0x97e ./Drivers/STM32F4xx_HAL_Driver/Src/stm32f4xx_hal_hcd.o
 .text.HCD_RXQLVL_IRQHandler
                0x080061d2      0x1be ./Drivers/STM32F4xx_HAL_Driver/Src/stm32f4xx_hal_hcd.o
 .text.HCD_Port_IRQHandler
                0x08006390       0xe6 ./Drivers/STM32F4xx_HAL_Driver/Src/stm32f4xx_hal_hcd.o
 *fill*         0x08006476        0x2 
 .text.HAL_RCC_OscConfig
                0x08006478      0x4f0 ./Drivers/STM32F4xx_HAL_Driver/Src/stm32f4xx_hal_rcc.o
                0x08006478                HAL_RCC_OscConfig
 .text.HAL_RCC_ClockConfig
                0x08006968      0x1cc ./Drivers/STM32F4xx_HAL_Driver/Src/stm32f4xx_hal_rcc.o
                0x08006968                HAL_RCC_ClockConfig
 .text.HAL_RCC_GetSysClockFreq
                0x08006b34      0x208 ./Drivers/STM32F4xx_HAL_Driver/Src/stm32f4xx_hal_rcc.o
                0x08006b34                HAL_RCC_GetSysClockFreq
 .text.HAL_RCC_GetHCLKFreq
                0x08006d3c       0x18 ./Drivers/STM32F4xx_HAL_Driver/Src/stm32f4xx_hal_rcc.o
                0x08006d3c                HAL_RCC_GetHCLKFreq
 .text.HAL_RCC_GetPCLK1Freq
                0x08006d54       0x28 ./Drivers/STM32F4xx_HAL_Driver/Src/stm32f4xx_hal_rcc.o
                0x08006d54                HAL_RCC_GetPCLK1Freq
 .text.HAL_RCC_GetPCLK2Freq
                0x08006d7c       0x28 ./Drivers/STM32F4xx_HAL_Driver/Src/stm32f4xx_hal_rcc.o
                0x08006d7c                HAL_RCC_GetPCLK2Freq
 .text.HAL_SPI_Init
                0x08006da4      0x112 ./Drivers/STM32F4xx_HAL_Driver/Src/stm32f4xx_hal_spi.o
                0x08006da4                HAL_SPI_Init
 .text.HAL_SPI_Transmit
                0x08006eb6      0x288 ./Drivers/STM32F4xx_HAL_Driver/Src/stm32f4xx_hal_spi.o
                0x08006eb6                HAL_SPI_Transmit
 .text.HAL_SPI_TransmitReceive
                0x0800713e      0x352 ./Drivers/STM32F4xx_HAL_Driver/Src/stm32f4xx_hal_spi.o
                0x0800713e                HAL_SPI_TransmitReceive
 .text.SPI_WaitFlagStateUntilTimeout
                0x08007490      0x110 ./Drivers/STM32F4xx_HAL_Driver/Src/stm32f4xx_hal_spi.o
 .text.SPI_EndRxTxTransaction
                0x080075a0       0xa8 ./Drivers/STM32F4xx_HAL_Driver/Src/stm32f4xx_hal_spi.o
 .text.HAL_SRAM_Init
                0x08007648       0x90 ./Drivers/STM32F4xx_HAL_Driver/Src/stm32f4xx_hal_sram.o
                0x08007648                HAL_SRAM_Init
 .text.HAL_TIM_PWM_Init
                0x080076d8       0x9e ./Drivers/STM32F4xx_HAL_Driver/Src/stm32f4xx_hal_tim.o
                0x080076d8                HAL_TIM_PWM_Init
 *fill*         0x08007776        0x2 
 .text.HAL_TIM_PWM_Start
                0x08007778      0x190 ./Drivers/STM32F4xx_HAL_Driver/Src/stm32f4xx_hal_tim.o
                0x08007778                HAL_TIM_PWM_Start
 .text.HAL_TIM_PWM_ConfigChannel
                0x08007908      0x184 ./Drivers/STM32F4xx_HAL_Driver/Src/stm32f4xx_hal_tim.o
                0x08007908                HAL_TIM_PWM_ConfigChannel
 .text.TIM_Base_SetConfig
                0x08007a8c      0x158 ./Drivers/STM32F4xx_HAL_Driver/Src/stm32f4xx_hal_tim.o
                0x08007a8c                TIM_Base_SetConfig
 .text.TIM_OC1_SetConfig
                0x08007be4       0xe0 ./Drivers/STM32F4xx_HAL_Driver/Src/stm32f4xx_hal_tim.o
 .text.TIM_OC2_SetConfig
                0x08007cc4       0xec ./Drivers/STM32F4xx_HAL_Driver/Src/stm32f4xx_hal_tim.o
                0x08007cc4                TIM_OC2_SetConfig
 .text.TIM_OC3_SetConfig
                0x08007db0       0xe8 ./Drivers/STM32F4xx_HAL_Driver/Src/stm32f4xx_hal_tim.o
 .text.TIM_OC4_SetConfig
                0x08007e98       0xac ./Drivers/STM32F4xx_HAL_Driver/Src/stm32f4xx_hal_tim.o
 .text.TIM_CCxChannelCmd
                0x08007f44       0x4a ./Drivers/STM32F4xx_HAL_Driver/Src/stm32f4xx_hal_tim.o
                0x08007f44                TIM_CCxChannelCmd
 *fill*         0x08007f8e        0x2 
 .text.HAL_TIMEx_MasterConfigSynchronization
                0x08007f90       0xf8 ./Drivers/STM32F4xx_HAL_Driver/Src/stm32f4xx_hal_tim_ex.o
                0x08007f90                HAL_TIMEx_MasterConfigSynchronization
 .text.HAL_UART_Init
                0x08008088       0xa0 ./Drivers/STM32F4xx_HAL_Driver/Src/stm32f4xx_hal_uart.o
                0x08008088                HAL_UART_Init
 .text.UART_SetConfig
                0x08008128      0x4e8 ./Drivers/STM32F4xx_HAL_Driver/Src/stm32f4xx_hal_uart.o
 .text.FMC_NORSRAM_Init
                0x08008610      0x10c ./Drivers/STM32F4xx_HAL_Driver/Src/stm32f4xx_ll_fmc.o
                0x08008610                FMC_NORSRAM_Init
 .text.FMC_NORSRAM_Timing_Init
                0x0800871c       0xa0 ./Drivers/STM32F4xx_HAL_Driver/Src/stm32f4xx_ll_fmc.o
                0x0800871c                FMC_NORSRAM_Timing_Init
 .text.FMC_NORSRAM_Extended_Timing_Init
                0x080087bc       0x70 ./Drivers/STM32F4xx_HAL_Driver/Src/stm32f4xx_ll_fmc.o
                0x080087bc                FMC_NORSRAM_Extended_Timing_Init
 .text.USB_CoreInit
                0x0800882c       0xc8 ./Drivers/STM32F4xx_HAL_Driver/Src/stm32f4xx_ll_usb.o
                0x0800882c                USB_CoreInit
 .text.USB_EnableGlobalInt
                0x080088f4       0x22 ./Drivers/STM32F4xx_HAL_Driver/Src/stm32f4xx_ll_usb.o
                0x080088f4                USB_EnableGlobalInt
 .text.USB_DisableGlobalInt
                0x08008916       0x22 ./Drivers/STM32F4xx_HAL_Driver/Src/stm32f4xx_ll_usb.o
                0x08008916                USB_DisableGlobalInt
 .text.USB_SetCurrentMode
                0x08008938       0x98 ./Drivers/STM32F4xx_HAL_Driver/Src/stm32f4xx_ll_usb.o
                0x08008938                USB_SetCurrentMode
 .text.USB_FlushTxFifo
                0x080089d0       0x64 ./Drivers/STM32F4xx_HAL_Driver/Src/stm32f4xx_ll_usb.o
                0x080089d0                USB_FlushTxFifo
 .text.USB_FlushRxFifo
                0x08008a34       0x5c ./Drivers/STM32F4xx_HAL_Driver/Src/stm32f4xx_ll_usb.o
                0x08008a34                USB_FlushRxFifo
 .text.USB_WritePacket
                0x08008a90       0x7c ./Drivers/STM32F4xx_HAL_Driver/Src/stm32f4xx_ll_usb.o
                0x08008a90                USB_WritePacket
 .text.USB_ReadPacket
                0x08008b0c       0xb0 ./Drivers/STM32F4xx_HAL_Driver/Src/stm32f4xx_ll_usb.o
                0x08008b0c                USB_ReadPacket
 .text.USB_ReadInterrupts
                0x08008bbc       0x26 ./Drivers/STM32F4xx_HAL_Driver/Src/stm32f4xx_ll_usb.o
                0x08008bbc                USB_ReadInterrupts
 .text.USB_ReadChInterrupts
                0x08008be2       0x42 ./Drivers/STM32F4xx_HAL_Driver/Src/stm32f4xx_ll_usb.o
                0x08008be2                USB_ReadChInterrupts
 .text.USB_GetMode
                0x08008c24       0x1c ./Drivers/STM32F4xx_HAL_Driver/Src/stm32f4xx_ll_usb.o
                0x08008c24                USB_GetMode
 .text.USB_CoreReset
                0x08008c40       0x62 ./Drivers/STM32F4xx_HAL_Driver/Src/stm32f4xx_ll_usb.o
 *fill*         0x08008ca2        0x2 
 .text.USB_HostInit
                0x08008ca4      0x188 ./Drivers/STM32F4xx_HAL_Driver/Src/stm32f4xx_ll_usb.o
                0x08008ca4                USB_HostInit
 .text.USB_InitFSLSPClkSel
                0x08008e2c       0x7a ./Drivers/STM32F4xx_HAL_Driver/Src/stm32f4xx_ll_usb.o
                0x08008e2c                USB_InitFSLSPClkSel
 .text.USB_ResetPort
                0x08008ea6       0x54 ./Drivers/STM32F4xx_HAL_Driver/Src/stm32f4xx_ll_usb.o
                0x08008ea6                USB_ResetPort
 .text.USB_DriveVbus
                0x08008efa       0x72 ./Drivers/STM32F4xx_HAL_Driver/Src/stm32f4xx_ll_usb.o
                0x08008efa                USB_DriveVbus
 .text.USB_GetHostSpeed
                0x08008f6c       0x2e ./Drivers/STM32F4xx_HAL_Driver/Src/stm32f4xx_ll_usb.o
                0x08008f6c                USB_GetHostSpeed
 .text.USB_GetCurrentFrame
                0x08008f9a       0x22 ./Drivers/STM32F4xx_HAL_Driver/Src/stm32f4xx_ll_usb.o
                0x08008f9a                USB_GetCurrentFrame
 .text.USB_HC_Init
                0x08008fbc      0x258 ./Drivers/STM32F4xx_HAL_Driver/Src/stm32f4xx_ll_usb.o
                0x08008fbc                USB_HC_Init
 .text.USB_HC_StartXfer
                0x08009214      0x4f4 ./Drivers/STM32F4xx_HAL_Driver/Src/stm32f4xx_ll_usb.o
                0x08009214                USB_HC_StartXfer
 .text.USB_HC_ReadInterrupt
                0x08009708       0x22 ./Drivers/STM32F4xx_HAL_Driver/Src/stm32f4xx_ll_usb.o
                0x08009708                USB_HC_ReadInterrupt
 .text.USB_HC_Halt
                0x0800972a      0x240 ./Drivers/STM32F4xx_HAL_Driver/Src/stm32f4xx_ll_usb.o
                0x0800972a                USB_HC_Halt
 *fill*         0x0800996a        0x2 
 .text.USB_DoPing
                0x0800996c       0x78 ./Drivers/STM32F4xx_HAL_Driver/Src/stm32f4xx_ll_usb.o
                0x0800996c                USB_DoPing
 .text.USB_StopHost
                0x080099e4      0x124 ./Drivers/STM32F4xx_HAL_Driver/Src/stm32f4xx_ll_usb.o
                0x080099e4                USB_StopHost
 .text.USBH_HID_InterfaceInit
                0x08009b08      0x2f4 ./Middlewares/ST/STM32_USB_Host_Library/Class/HID/Src/usbh_hid.o
 .text.USBH_HID_InterfaceDeInit
                0x08009dfc       0x8c ./Middlewares/ST/STM32_USB_Host_Library/Class/HID/Src/usbh_hid.o
 .text.USBH_HID_ClassRequest
                0x08009e88      0x12c ./Middlewares/ST/STM32_USB_Host_Library/Class/HID/Src/usbh_hid.o
 .text.USBH_HID_Process
                0x08009fb4      0x1c0 ./Middlewares/ST/STM32_USB_Host_Library/Class/HID/Src/usbh_hid.o
 .text.USBH_HID_SOFProcess
                0x0800a174       0x42 ./Middlewares/ST/STM32_USB_Host_Library/Class/HID/Src/usbh_hid.o
 *fill*         0x0800a1b6        0x2 
 .text.USBH_HID_GetHIDReportDescriptor
                0x0800a1b8       0x58 ./Middlewares/ST/STM32_USB_Host_Library/Class/HID/Src/usbh_hid.o
                0x0800a1b8                USBH_HID_GetHIDReportDescriptor
 .text.USBH_HID_SetIdle
                0x0800a210       0x50 ./Middlewares/ST/STM32_USB_Host_Library/Class/HID/Src/usbh_hid.o
                0x0800a210                USBH_HID_SetIdle
 .text.USBH_HID_GetReport
                0x0800a260       0x58 ./Middlewares/ST/STM32_USB_Host_Library/Class/HID/Src/usbh_hid.o
                0x0800a260                USBH_HID_GetReport
 .text.USBH_HID_SetProtocol
                0x0800a2b8       0x4c ./Middlewares/ST/STM32_USB_Host_Library/Class/HID/Src/usbh_hid.o
                0x0800a2b8                USBH_HID_SetProtocol
 .text.USBH_HID_ParseHIDDesc
                0x0800a304       0xb6 ./Middlewares/ST/STM32_USB_Host_Library/Class/HID/Src/usbh_hid.o
 .text.USBH_HID_FifoInit
                0x0800a3ba       0x38 ./Middlewares/ST/STM32_USB_Host_Library/Class/HID/Src/usbh_hid.o
                0x0800a3ba                USBH_HID_FifoInit
 .text.USBH_HID_FifoRead
                0x0800a3f2       0x92 ./Middlewares/ST/STM32_USB_Host_Library/Class/HID/Src/usbh_hid.o
                0x0800a3f2                USBH_HID_FifoRead
 .text.USBH_HID_FifoWrite
                0x0800a484       0xa8 ./Middlewares/ST/STM32_USB_Host_Library/Class/HID/Src/usbh_hid.o
                0x0800a484                USBH_HID_FifoWrite
 .text.USBH_HID_KeybdInit
                0x0800a52c       0xa8 ./Middlewares/ST/STM32_USB_Host_Library/Class/HID/Src/usbh_hid_keybd.o
                0x0800a52c                USBH_HID_KeybdInit
 .text.USBH_HID_GetKeybdInfo
                0x0800a5d4       0x28 ./Middlewares/ST/STM32_USB_Host_Library/Class/HID/Src/usbh_hid_keybd.o
                0x0800a5d4                USBH_HID_GetKeybdInfo
 .text.USBH_HID_KeybdDecode
                0x0800a5fc      0x128 ./Middlewares/ST/STM32_USB_Host_Library/Class/HID/Src/usbh_hid_keybd.o
 .text.USBH_HID_GetASCIICode
                0x0800a724       0x58 ./Middlewares/ST/STM32_USB_Host_Library/Class/HID/Src/usbh_hid_keybd.o
                0x0800a724                USBH_HID_GetASCIICode
 .text.USBH_HID_MouseInit
                0x0800a77c       0x94 ./Middlewares/ST/STM32_USB_Host_Library/Class/HID/Src/usbh_hid_mouse.o
                0x0800a77c                USBH_HID_MouseInit
 .text.HID_ReadItem
                0x0800a810      0x134 ./Middlewares/ST/STM32_USB_Host_Library/Class/HID/Src/usbh_hid_parser.o
                0x0800a810                HID_ReadItem
 .text.USBH_Init
                0x0800a944       0x90 ./Middlewares/ST/STM32_USB_Host_Library/Core/Src/usbh_core.o
                0x0800a944                USBH_Init
 .text.DeInitStateMachine
                0x0800a9d4       0xe6 ./Middlewares/ST/STM32_USB_Host_Library/Core/Src/usbh_core.o
 *fill*         0x0800aaba        0x2 
 .text.USBH_RegisterClass
                0x0800aabc       0x80 ./Middlewares/ST/STM32_USB_Host_Library/Core/Src/usbh_core.o
                0x0800aabc                USBH_RegisterClass
 .text.USBH_SelectInterface
                0x0800ab3c       0xd0 ./Middlewares/ST/STM32_USB_Host_Library/Core/Src/usbh_core.o
                0x0800ab3c                USBH_SelectInterface
 .text.USBH_FindInterface
                0x0800ac0c       0x8c ./Middlewares/ST/STM32_USB_Host_Library/Core/Src/usbh_core.o
                0x0800ac0c                USBH_FindInterface
 .text.USBH_Start
                0x0800ac98       0x20 ./Middlewares/ST/STM32_USB_Host_Library/Core/Src/usbh_core.o
                0x0800ac98                USBH_Start
 .text.USBH_Process
                0x0800acb8      0x4e0 ./Middlewares/ST/STM32_USB_Host_Library/Core/Src/usbh_core.o
                0x0800acb8                USBH_Process
 .text.USBH_HandleEnum
                0x0800b198      0x554 ./Middlewares/ST/STM32_USB_Host_Library/Core/Src/usbh_core.o
 .text.USBH_LL_SetTimer
                0x0800b6ec       0x1e ./Middlewares/ST/STM32_USB_Host_Library/Core/Src/usbh_core.o
                0x0800b6ec                USBH_LL_SetTimer
 .text.USBH_LL_IncTimer
                0x0800b70a       0x24 ./Middlewares/ST/STM32_USB_Host_Library/Core/Src/usbh_core.o
                0x0800b70a                USBH_LL_IncTimer
 .text.USBH_HandleSof
                0x0800b72e       0x30 ./Middlewares/ST/STM32_USB_Host_Library/Core/Src/usbh_core.o
 .text.USBH_LL_PortEnabled
                0x0800b75e       0x1c ./Middlewares/ST/STM32_USB_Host_Library/Core/Src/usbh_core.o
                0x0800b75e                USBH_LL_PortEnabled
 .text.USBH_LL_PortDisabled
                0x0800b77a       0x1c ./Middlewares/ST/STM32_USB_Host_Library/Core/Src/usbh_core.o
                0x0800b77a                USBH_LL_PortDisabled
 .text.USBH_LL_Connect
                0x0800b796       0x2e ./Middlewares/ST/STM32_USB_Host_Library/Core/Src/usbh_core.o
                0x0800b796                USBH_LL_Connect
 .text.USBH_LL_Disconnect
                0x0800b7c4       0x48 ./Middlewares/ST/STM32_USB_Host_Library/Core/Src/usbh_core.o
                0x0800b7c4                USBH_LL_Disconnect
 .text.USBH_Get_DevDesc
                0x0800b80c       0x74 ./Middlewares/ST/STM32_USB_Host_Library/Core/Src/usbh_ctlreq.o
                0x0800b80c                USBH_Get_DevDesc
 .text.USBH_Get_CfgDesc
                0x0800b880       0x70 ./Middlewares/ST/STM32_USB_Host_Library/Core/Src/usbh_ctlreq.o
                0x0800b880                USBH_Get_CfgDesc
 .text.USBH_Get_StringDesc
                0x0800b8f0       0x84 ./Middlewares/ST/STM32_USB_Host_Library/Core/Src/usbh_ctlreq.o
                0x0800b8f0                USBH_Get_StringDesc
 .text.USBH_GetDescriptor
                0x0800b974       0x6a ./Middlewares/ST/STM32_USB_Host_Library/Core/Src/usbh_ctlreq.o
                0x0800b974                USBH_GetDescriptor
 .text.USBH_SetAddress
                0x0800b9de       0x48 ./Middlewares/ST/STM32_USB_Host_Library/Core/Src/usbh_ctlreq.o
                0x0800b9de                USBH_SetAddress
 .text.USBH_SetCfg
                0x0800ba26       0x46 ./Middlewares/ST/STM32_USB_Host_Library/Core/Src/usbh_ctlreq.o
                0x0800ba26                USBH_SetCfg
 .text.USBH_SetFeature
                0x0800ba6c       0x48 ./Middlewares/ST/STM32_USB_Host_Library/Core/Src/usbh_ctlreq.o
                0x0800ba6c                USBH_SetFeature
 .text.USBH_ClrFeature
                0x0800bab4       0x48 ./Middlewares/ST/STM32_USB_Host_Library/Core/Src/usbh_ctlreq.o
                0x0800bab4                USBH_ClrFeature
 .text.USBH_ParseDevDesc
                0x0800bafc      0x160 ./Middlewares/ST/STM32_USB_Host_Library/Core/Src/usbh_ctlreq.o
 .text.USBH_ParseCfgDesc
                0x0800bc5c      0x1f0 ./Middlewares/ST/STM32_USB_Host_Library/Core/Src/usbh_ctlreq.o
 .text.USBH_ParseInterfaceDesc
                0x0800be4c       0x68 ./Middlewares/ST/STM32_USB_Host_Library/Core/Src/usbh_ctlreq.o
 .text.USBH_ParseEPDesc
                0x0800beb4      0x1d0 ./Middlewares/ST/STM32_USB_Host_Library/Core/Src/usbh_ctlreq.o
 .text.USBH_ParseStringDesc
                0x0800c084       0x66 ./Middlewares/ST/STM32_USB_Host_Library/Core/Src/usbh_ctlreq.o
 .text.USBH_GetNextDesc
                0x0800c0ea       0x34 ./Middlewares/ST/STM32_USB_Host_Library/Core/Src/usbh_ctlreq.o
                0x0800c0ea                USBH_GetNextDesc
 .text.USBH_CtlReq
                0x0800c11e       0x7a ./Middlewares/ST/STM32_USB_Host_Library/Core/Src/usbh_ctlreq.o
                0x0800c11e                USBH_CtlReq
 .text.USBH_HandleControl
                0x0800c198      0x304 ./Middlewares/ST/STM32_USB_Host_Library/Core/Src/usbh_ctlreq.o
 .text.USBH_CtlSendSetup
                0x0800c49c       0x34 ./Middlewares/ST/STM32_USB_Host_Library/Core/Src/usbh_ioreq.o
                0x0800c49c                USBH_CtlSendSetup
 .text.USBH_CtlSendData
                0x0800c4d0       0x4a ./Middlewares/ST/STM32_USB_Host_Library/Core/Src/usbh_ioreq.o
                0x0800c4d0                USBH_CtlSendData
 .text.USBH_CtlReceiveData
                0x0800c51a       0x3c ./Middlewares/ST/STM32_USB_Host_Library/Core/Src/usbh_ioreq.o
                0x0800c51a                USBH_CtlReceiveData
 .text.USBH_InterruptReceiveData
                0x0800c556       0x3e ./Middlewares/ST/STM32_USB_Host_Library/Core/Src/usbh_ioreq.o
                0x0800c556                USBH_InterruptReceiveData
 .text.USBH_OpenPipe
                0x0800c594       0x3e ./Middlewares/ST/STM32_USB_Host_Library/Core/Src/usbh_pipes.o
                0x0800c594                USBH_OpenPipe
 .text.USBH_ClosePipe
                0x0800c5d2       0x20 ./Middlewares/ST/STM32_USB_Host_Library/Core/Src/usbh_pipes.o
                0x0800c5d2                USBH_ClosePipe
 .text.USBH_AllocPipe
                0x0800c5f2       0x42 ./Middlewares/ST/STM32_USB_Host_Library/Core/Src/usbh_pipes.o
                0x0800c5f2                USBH_AllocPipe
 .text.USBH_FreePipe
                0x0800c634       0x3c ./Middlewares/ST/STM32_USB_Host_Library/Core/Src/usbh_pipes.o
                0x0800c634                USBH_FreePipe
 .text.USBH_GetFreePipe
                0x0800c670       0x48 ./Middlewares/ST/STM32_USB_Host_Library/Core/Src/usbh_pipes.o
 .text.MX_USB_HOST_Init
                0x0800c6b8       0x4c ./USB_HOST/App/usb_host.o
                0x0800c6b8                MX_USB_HOST_Init
 .text.MX_USB_HOST_Process
                0x0800c704       0x14 ./USB_HOST/App/usb_host.o
                0x0800c704                MX_USB_HOST_Process
 .text.USBH_UserProcess
                0x0800c718       0x5c ./USB_HOST/App/usb_host.o
 .text.HAL_HCD_MspInit
                0x0800c774       0xa8 ./USB_HOST/Target/usbh_conf.o
                0x0800c774                HAL_HCD_MspInit
 .text.HAL_HCD_SOF_Callback
                0x0800c81c       0x1c ./USB_HOST/Target/usbh_conf.o
                0x0800c81c                HAL_HCD_SOF_Callback
 .text.HAL_HCD_Connect_Callback
                0x0800c838       0x1c ./USB_HOST/Target/usbh_conf.o
                0x0800c838                HAL_HCD_Connect_Callback
 .text.HAL_HCD_Disconnect_Callback
                0x0800c854       0x1c ./USB_HOST/Target/usbh_conf.o
                0x0800c854                HAL_HCD_Disconnect_Callback
 .text.HAL_HCD_HC_NotifyURBChange_Callback
                0x0800c870       0x1c ./USB_HOST/Target/usbh_conf.o
                0x0800c870                HAL_HCD_HC_NotifyURBChange_Callback
 .text.HAL_HCD_PortEnabled_Callback
                0x0800c88c       0x1c ./USB_HOST/Target/usbh_conf.o
                0x0800c88c                HAL_HCD_PortEnabled_Callback
 .text.HAL_HCD_PortDisabled_Callback
                0x0800c8a8       0x1c ./USB_HOST/Target/usbh_conf.o
                0x0800c8a8                HAL_HCD_PortDisabled_Callback
 .text.USBH_LL_Init
                0x0800c8c4       0x78 ./USB_HOST/Target/usbh_conf.o
                0x0800c8c4                USBH_LL_Init
 .text.USBH_LL_Start
                0x0800c93c       0x36 ./USB_HOST/Target/usbh_conf.o
                0x0800c93c                USBH_LL_Start
 .text.USBH_LL_Stop
                0x0800c972       0x36 ./USB_HOST/Target/usbh_conf.o
                0x0800c972                USBH_LL_Stop
 .text.USBH_LL_GetSpeed
                0x0800c9a8       0x4e ./USB_HOST/Target/usbh_conf.o
                0x0800c9a8                USBH_LL_GetSpeed
 .text.USBH_LL_ResetPort
                0x0800c9f6       0x36 ./USB_HOST/Target/usbh_conf.o
                0x0800c9f6                USBH_LL_ResetPort
 .text.USBH_LL_GetLastXferSize
                0x0800ca2c       0x26 ./USB_HOST/Target/usbh_conf.o
                0x0800ca2c                USBH_LL_GetLastXferSize
 .text.USBH_LL_OpenPipe
                0x0800ca52       0x5e ./USB_HOST/Target/usbh_conf.o
                0x0800ca52                USBH_LL_OpenPipe
 .text.USBH_LL_ClosePipe
                0x0800cab0       0x3e ./USB_HOST/Target/usbh_conf.o
                0x0800cab0                USBH_LL_ClosePipe
 .text.USBH_LL_SubmitURB
                0x0800caee       0x62 ./USB_HOST/Target/usbh_conf.o
                0x0800caee                USBH_LL_SubmitURB
 .text.USBH_LL_GetURBState
                0x0800cb50       0x26 ./USB_HOST/Target/usbh_conf.o
                0x0800cb50                USBH_LL_GetURBState
 .text.USBH_LL_DriverVBUS
                0x0800cb76       0x2e ./USB_HOST/Target/usbh_conf.o
                0x0800cb76                USBH_LL_DriverVBUS
 .text.USBH_LL_SetToggle
                0x0800cba4       0x66 ./USB_HOST/Target/usbh_conf.o
                0x0800cba4                USBH_LL_SetToggle
 .text.USBH_Delay
                0x0800cc0a       0x16 ./USB_HOST/Target/usbh_conf.o
                0x0800cc0a                USBH_Delay
 .text.USBH_Get_USB_Status
                0x0800cc20       0x58 ./USB_HOST/Target/usbh_conf.o
                0x0800cc20                USBH_Get_USB_Status
 .text.MX_DriverVbusFS
                0x0800cc78       0x38 ./USB_HOST/Target/usbh_platform.o
                0x0800cc78                MX_DriverVbusFS
 .text.malloc   0x0800ccb0       0x10 C:/ST/STM32CubeIDE_1.17.0/STM32CubeIDE/plugins/com.st.stm32cube.ide.mcu.externaltools.gnu-tools-for-stm32.12.3.rel1.win32_1.1.0.202410251130/tools/bin/../lib/gcc/arm-none-eabi/12.3.1/../../../../arm-none-eabi/lib/thumb/v7e-m+fp/hard\libc_nano.a(libc_a-malloc.o)
                0x0800ccb0                malloc
 .text.free     0x0800ccc0       0x10 C:/ST/STM32CubeIDE_1.17.0/STM32CubeIDE/plugins/com.st.stm32cube.ide.mcu.externaltools.gnu-tools-for-stm32.12.3.rel1.win32_1.1.0.202410251130/tools/bin/../lib/gcc/arm-none-eabi/12.3.1/../../../../arm-none-eabi/lib/thumb/v7e-m+fp/hard\libc_nano.a(libc_a-malloc.o)
                0x0800ccc0                free
 .text.sbrk_aligned
                0x0800ccd0       0x44 C:/ST/STM32CubeIDE_1.17.0/STM32CubeIDE/plugins/com.st.stm32cube.ide.mcu.externaltools.gnu-tools-for-stm32.12.3.rel1.win32_1.1.0.202410251130/tools/bin/../lib/gcc/arm-none-eabi/12.3.1/../../../../arm-none-eabi/lib/thumb/v7e-m+fp/hard\libc_nano.a(libc_a-mallocr.o)
 .text._malloc_r
                0x0800cd14      0x100 C:/ST/STM32CubeIDE_1.17.0/STM32CubeIDE/plugins/com.st.stm32cube.ide.mcu.externaltools.gnu-tools-for-stm32.12.3.rel1.win32_1.1.0.202410251130/tools/bin/../lib/gcc/arm-none-eabi/12.3.1/../../../../arm-none-eabi/lib/thumb/v7e-m+fp/hard\libc_nano.a(libc_a-mallocr.o)
                0x0800cd14                _malloc_r
 .text.__malloc_lock
                0x0800ce14        0xc C:/ST/STM32CubeIDE_1.17.0/STM32CubeIDE/plugins/com.st.stm32cube.ide.mcu.externaltools.gnu-tools-for-stm32.12.3.rel1.win32_1.1.0.202410251130/tools/bin/../lib/gcc/arm-none-eabi/12.3.1/../../../../arm-none-eabi/lib/thumb/v7e-m+fp/hard\libc_nano.a(libc_a-mlock.o)
                0x0800ce14                __malloc_lock
 .text.__malloc_unlock
                0x0800ce20        0xc C:/ST/STM32CubeIDE_1.17.0/STM32CubeIDE/plugins/com.st.stm32cube.ide.mcu.externaltools.gnu-tools-for-stm32.12.3.rel1.win32_1.1.0.202410251130/tools/bin/../lib/gcc/arm-none-eabi/12.3.1/../../../../arm-none-eabi/lib/thumb/v7e-m+fp/hard\libc_nano.a(libc_a-mlock.o)
                0x0800ce20                __malloc_unlock
 .text.std      0x0800ce2c       0x6c C:/ST/STM32CubeIDE_1.17.0/STM32CubeIDE/plugins/com.st.stm32cube.ide.mcu.externaltools.gnu-tools-for-stm32.12.3.rel1.win32_1.1.0.202410251130/tools/bin/../lib/gcc/arm-none-eabi/12.3.1/../../../../arm-none-eabi/lib/thumb/v7e-m+fp/hard\libc_nano.a(libc_a-findfp.o)
 .text.stdio_exit_handler
                0x0800ce98       0x18 C:/ST/STM32CubeIDE_1.17.0/STM32CubeIDE/plugins/com.st.stm32cube.ide.mcu.externaltools.gnu-tools-for-stm32.12.3.rel1.win32_1.1.0.202410251130/tools/bin/../lib/gcc/arm-none-eabi/12.3.1/../../../../arm-none-eabi/lib/thumb/v7e-m+fp/hard\libc_nano.a(libc_a-findfp.o)
 .text.cleanup_stdio
                0x0800ceb0       0x40 C:/ST/STM32CubeIDE_1.17.0/STM32CubeIDE/plugins/com.st.stm32cube.ide.mcu.externaltools.gnu-tools-for-stm32.12.3.rel1.win32_1.1.0.202410251130/tools/bin/../lib/gcc/arm-none-eabi/12.3.1/../../../../arm-none-eabi/lib/thumb/v7e-m+fp/hard\libc_nano.a(libc_a-findfp.o)
 .text.global_stdio_init.part.0
                0x0800cef0       0x3c C:/ST/STM32CubeIDE_1.17.0/STM32CubeIDE/plugins/com.st.stm32cube.ide.mcu.externaltools.gnu-tools-for-stm32.12.3.rel1.win32_1.1.0.202410251130/tools/bin/../lib/gcc/arm-none-eabi/12.3.1/../../../../arm-none-eabi/lib/thumb/v7e-m+fp/hard\libc_nano.a(libc_a-findfp.o)
 .text.__sfp_lock_acquire
                0x0800cf2c        0xc C:/ST/STM32CubeIDE_1.17.0/STM32CubeIDE/plugins/com.st.stm32cube.ide.mcu.externaltools.gnu-tools-for-stm32.12.3.rel1.win32_1.1.0.202410251130/tools/bin/../lib/gcc/arm-none-eabi/12.3.1/../../../../arm-none-eabi/lib/thumb/v7e-m+fp/hard\libc_nano.a(libc_a-findfp.o)
                0x0800cf2c                __sfp_lock_acquire
 .text.__sfp_lock_release
                0x0800cf38        0xc C:/ST/STM32CubeIDE_1.17.0/STM32CubeIDE/plugins/com.st.stm32cube.ide.mcu.externaltools.gnu-tools-for-stm32.12.3.rel1.win32_1.1.0.202410251130/tools/bin/../lib/gcc/arm-none-eabi/12.3.1/../../../../arm-none-eabi/lib/thumb/v7e-m+fp/hard\libc_nano.a(libc_a-findfp.o)
                0x0800cf38                __sfp_lock_release
 .text.__sinit  0x0800cf44       0x30 C:/ST/STM32CubeIDE_1.17.0/STM32CubeIDE/plugins/com.st.stm32cube.ide.mcu.externaltools.gnu-tools-for-stm32.12.3.rel1.win32_1.1.0.202410251130/tools/bin/../lib/gcc/arm-none-eabi/12.3.1/../../../../arm-none-eabi/lib/thumb/v7e-m+fp/hard\libc_nano.a(libc_a-findfp.o)
                0x0800cf44                __sinit
 .text._fwalk_sglue
                0x0800cf74       0x3c C:/ST/STM32CubeIDE_1.17.0/STM32CubeIDE/plugins/com.st.stm32cube.ide.mcu.externaltools.gnu-tools-for-stm32.12.3.rel1.win32_1.1.0.202410251130/tools/bin/../lib/gcc/arm-none-eabi/12.3.1/../../../../arm-none-eabi/lib/thumb/v7e-m+fp/hard\libc_nano.a(libc_a-fwalk.o)
                0x0800cf74                _fwalk_sglue
 .text.printf   0x0800cfb0       0x24 C:/ST/STM32CubeIDE_1.17.0/STM32CubeIDE/plugins/com.st.stm32cube.ide.mcu.externaltools.gnu-tools-for-stm32.12.3.rel1.win32_1.1.0.202410251130/tools/bin/../lib/gcc/arm-none-eabi/12.3.1/../../../../arm-none-eabi/lib/thumb/v7e-m+fp/hard\libc_nano.a(libc_a-printf.o)
                0x0800cfb0                iprintf
                0x0800cfb0                printf
 .text.putchar  0x0800cfd4       0x10 C:/ST/STM32CubeIDE_1.17.0/STM32CubeIDE/plugins/com.st.stm32cube.ide.mcu.externaltools.gnu-tools-for-stm32.12.3.rel1.win32_1.1.0.202410251130/tools/bin/../lib/gcc/arm-none-eabi/12.3.1/../../../../arm-none-eabi/lib/thumb/v7e-m+fp/hard\libc_nano.a(libc_a-putchar.o)
                0x0800cfd4                putchar
 .text.sprintf  0x0800cfe4       0x40 C:/ST/STM32CubeIDE_1.17.0/STM32CubeIDE/plugins/com.st.stm32cube.ide.mcu.externaltools.gnu-tools-for-stm32.12.3.rel1.win32_1.1.0.202410251130/tools/bin/../lib/gcc/arm-none-eabi/12.3.1/../../../../arm-none-eabi/lib/thumb/v7e-m+fp/hard\libc_nano.a(libc_a-sprintf.o)
                0x0800cfe4                siprintf
                0x0800cfe4                sprintf
 .text.__sread  0x0800d024       0x22 C:/ST/STM32CubeIDE_1.17.0/STM32CubeIDE/plugins/com.st.stm32cube.ide.mcu.externaltools.gnu-tools-for-stm32.12.3.rel1.win32_1.1.0.202410251130/tools/bin/../lib/gcc/arm-none-eabi/12.3.1/../../../../arm-none-eabi/lib/thumb/v7e-m+fp/hard\libc_nano.a(libc_a-stdio.o)
                0x0800d024                __sread
 .text.__swrite
                0x0800d046       0x38 C:/ST/STM32CubeIDE_1.17.0/STM32CubeIDE/plugins/com.st.stm32cube.ide.mcu.externaltools.gnu-tools-for-stm32.12.3.rel1.win32_1.1.0.202410251130/tools/bin/../lib/gcc/arm-none-eabi/12.3.1/../../../../arm-none-eabi/lib/thumb/v7e-m+fp/hard\libc_nano.a(libc_a-stdio.o)
                0x0800d046                __swrite
 .text.__sseek  0x0800d07e       0x24 C:/ST/STM32CubeIDE_1.17.0/STM32CubeIDE/plugins/com.st.stm32cube.ide.mcu.externaltools.gnu-tools-for-stm32.12.3.rel1.win32_1.1.0.202410251130/tools/bin/../lib/gcc/arm-none-eabi/12.3.1/../../../../arm-none-eabi/lib/thumb/v7e-m+fp/hard\libc_nano.a(libc_a-stdio.o)
                0x0800d07e                __sseek
 .text.__sclose
                0x0800d0a2        0x8 C:/ST/STM32CubeIDE_1.17.0/STM32CubeIDE/plugins/com.st.stm32cube.ide.mcu.externaltools.gnu-tools-for-stm32.12.3.rel1.win32_1.1.0.202410251130/tools/bin/../lib/gcc/arm-none-eabi/12.3.1/../../../../arm-none-eabi/lib/thumb/v7e-m+fp/hard\libc_nano.a(libc_a-stdio.o)
                0x0800d0a2                __sclose
 *fill*         0x0800d0aa        0x2 
 .text._vsprintf_r
                0x0800d0ac       0x2c C:/ST/STM32CubeIDE_1.17.0/STM32CubeIDE/plugins/com.st.stm32cube.ide.mcu.externaltools.gnu-tools-for-stm32.12.3.rel1.win32_1.1.0.202410251130/tools/bin/../lib/gcc/arm-none-eabi/12.3.1/../../../../arm-none-eabi/lib/thumb/v7e-m+fp/hard\libc_nano.a(libc_a-vsprintf.o)
                0x0800d0ac                _vsprintf_r
                0x0800d0ac                _vsiprintf_r
 .text.vsprintf
                0x0800d0d8       0x14 C:/ST/STM32CubeIDE_1.17.0/STM32CubeIDE/plugins/com.st.stm32cube.ide.mcu.externaltools.gnu-tools-for-stm32.12.3.rel1.win32_1.1.0.202410251130/tools/bin/../lib/gcc/arm-none-eabi/12.3.1/../../../../arm-none-eabi/lib/thumb/v7e-m+fp/hard\libc_nano.a(libc_a-vsprintf.o)
                0x0800d0d8                vsiprintf
                0x0800d0d8                vsprintf
 .text.memset   0x0800d0ec       0x10 C:/ST/STM32CubeIDE_1.17.0/STM32CubeIDE/plugins/com.st.stm32cube.ide.mcu.externaltools.gnu-tools-for-stm32.12.3.rel1.win32_1.1.0.202410251130/tools/bin/../lib/gcc/arm-none-eabi/12.3.1/../../../../arm-none-eabi/lib/thumb/v7e-m+fp/hard\libc_nano.a(libc_a-memset.o)
                0x0800d0ec                memset
 .text._close_r
                0x0800d0fc       0x20 C:/ST/STM32CubeIDE_1.17.0/STM32CubeIDE/plugins/com.st.stm32cube.ide.mcu.externaltools.gnu-tools-for-stm32.12.3.rel1.win32_1.1.0.202410251130/tools/bin/../lib/gcc/arm-none-eabi/12.3.1/../../../../arm-none-eabi/lib/thumb/v7e-m+fp/hard\libc_nano.a(libc_a-closer.o)
                0x0800d0fc                _close_r
 .text._lseek_r
                0x0800d11c       0x24 C:/ST/STM32CubeIDE_1.17.0/STM32CubeIDE/plugins/com.st.stm32cube.ide.mcu.externaltools.gnu-tools-for-stm32.12.3.rel1.win32_1.1.0.202410251130/tools/bin/../lib/gcc/arm-none-eabi/12.3.1/../../../../arm-none-eabi/lib/thumb/v7e-m+fp/hard\libc_nano.a(libc_a-lseekr.o)
                0x0800d11c                _lseek_r
 .text._read_r  0x0800d140       0x24 C:/ST/STM32CubeIDE_1.17.0/STM32CubeIDE/plugins/com.st.stm32cube.ide.mcu.externaltools.gnu-tools-for-stm32.12.3.rel1.win32_1.1.0.202410251130/tools/bin/../lib/gcc/arm-none-eabi/12.3.1/../../../../arm-none-eabi/lib/thumb/v7e-m+fp/hard\libc_nano.a(libc_a-readr.o)
                0x0800d140                _read_r
 .text._sbrk_r  0x0800d164       0x20 C:/ST/STM32CubeIDE_1.17.0/STM32CubeIDE/plugins/com.st.stm32cube.ide.mcu.externaltools.gnu-tools-for-stm32.12.3.rel1.win32_1.1.0.202410251130/tools/bin/../lib/gcc/arm-none-eabi/12.3.1/../../../../arm-none-eabi/lib/thumb/v7e-m+fp/hard\libc_nano.a(libc_a-sbrkr.o)
                0x0800d164                _sbrk_r
 .text._write_r
                0x0800d184       0x24 C:/ST/STM32CubeIDE_1.17.0/STM32CubeIDE/plugins/com.st.stm32cube.ide.mcu.externaltools.gnu-tools-for-stm32.12.3.rel1.win32_1.1.0.202410251130/tools/bin/../lib/gcc/arm-none-eabi/12.3.1/../../../../arm-none-eabi/lib/thumb/v7e-m+fp/hard\libc_nano.a(libc_a-writer.o)
                0x0800d184                _write_r
 .text.__errno  0x0800d1a8        0xc C:/ST/STM32CubeIDE_1.17.0/STM32CubeIDE/plugins/com.st.stm32cube.ide.mcu.externaltools.gnu-tools-for-stm32.12.3.rel1.win32_1.1.0.202410251130/tools/bin/../lib/gcc/arm-none-eabi/12.3.1/../../../../arm-none-eabi/lib/thumb/v7e-m+fp/hard\libc_nano.a(libc_a-errno.o)
                0x0800d1a8                __errno
 .text.__libc_init_array
                0x0800d1b4       0x48 C:/ST/STM32CubeIDE_1.17.0/STM32CubeIDE/plugins/com.st.stm32cube.ide.mcu.externaltools.gnu-tools-for-stm32.12.3.rel1.win32_1.1.0.202410251130/tools/bin/../lib/gcc/arm-none-eabi/12.3.1/../../../../arm-none-eabi/lib/thumb/v7e-m+fp/hard\libc_nano.a(libc_a-init.o)
                0x0800d1b4                __libc_init_array
 .text.__retarget_lock_init_recursive
                0x0800d1fc        0x2 C:/ST/STM32CubeIDE_1.17.0/STM32CubeIDE/plugins/com.st.stm32cube.ide.mcu.externaltools.gnu-tools-for-stm32.12.3.rel1.win32_1.1.0.202410251130/tools/bin/../lib/gcc/arm-none-eabi/12.3.1/../../../../arm-none-eabi/lib/thumb/v7e-m+fp/hard\libc_nano.a(libc_a-lock.o)
                0x0800d1fc                __retarget_lock_init_recursive
 .text.__retarget_lock_acquire_recursive
                0x0800d1fe        0x2 C:/ST/STM32CubeIDE_1.17.0/STM32CubeIDE/plugins/com.st.stm32cube.ide.mcu.externaltools.gnu-tools-for-stm32.12.3.rel1.win32_1.1.0.202410251130/tools/bin/../lib/gcc/arm-none-eabi/12.3.1/../../../../arm-none-eabi/lib/thumb/v7e-m+fp/hard\libc_nano.a(libc_a-lock.o)
                0x0800d1fe                __retarget_lock_acquire_recursive
 .text.__retarget_lock_release_recursive
                0x0800d200        0x2 C:/ST/STM32CubeIDE_1.17.0/STM32CubeIDE/plugins/com.st.stm32cube.ide.mcu.externaltools.gnu-tools-for-stm32.12.3.rel1.win32_1.1.0.202410251130/tools/bin/../lib/gcc/arm-none-eabi/12.3.1/../../../../arm-none-eabi/lib/thumb/v7e-m+fp/hard\libc_nano.a(libc_a-lock.o)
                0x0800d200                __retarget_lock_release_recursive
 .text.strcpy   0x0800d202       0x10 C:/ST/STM32CubeIDE_1.17.0/STM32CubeIDE/plugins/com.st.stm32cube.ide.mcu.externaltools.gnu-tools-for-stm32.12.3.rel1.win32_1.1.0.202410251130/tools/bin/../lib/gcc/arm-none-eabi/12.3.1/../../../../arm-none-eabi/lib/thumb/v7e-m+fp/hard\libc_nano.a(libc_a-strcpy.o)
                0x0800d202                strcpy
 *fill*         0x0800d212        0x2 
 .text._free_r  0x0800d214       0x94 C:/ST/STM32CubeIDE_1.17.0/STM32CubeIDE/plugins/com.st.stm32cube.ide.mcu.externaltools.gnu-tools-for-stm32.12.3.rel1.win32_1.1.0.202410251130/tools/bin/../lib/gcc/arm-none-eabi/12.3.1/../../../../arm-none-eabi/lib/thumb/v7e-m+fp/hard\libc_nano.a(libc_a-freer.o)
                0x0800d214                _free_r
 .text.__ssputs_r
                0x0800d2a8       0xb6 C:/ST/STM32CubeIDE_1.17.0/STM32CubeIDE/plugins/com.st.stm32cube.ide.mcu.externaltools.gnu-tools-for-stm32.12.3.rel1.win32_1.1.0.202410251130/tools/bin/../lib/gcc/arm-none-eabi/12.3.1/../../../../arm-none-eabi/lib/thumb/v7e-m+fp/hard\libc_nano.a(libc_a-nano-svfprintf.o)
                0x0800d2a8                __ssputs_r
 *fill*         0x0800d35e        0x2 
 .text._svfprintf_r
                0x0800d360      0x1f8 C:/ST/STM32CubeIDE_1.17.0/STM32CubeIDE/plugins/com.st.stm32cube.ide.mcu.externaltools.gnu-tools-for-stm32.12.3.rel1.win32_1.1.0.202410251130/tools/bin/../lib/gcc/arm-none-eabi/12.3.1/../../../../arm-none-eabi/lib/thumb/v7e-m+fp/hard\libc_nano.a(libc_a-nano-svfprintf.o)
                0x0800d360                _svfiprintf_r
                0x0800d360                _svfprintf_r
 .text.__sfputc_r
                0x0800d558       0x2e C:/ST/STM32CubeIDE_1.17.0/STM32CubeIDE/plugins/com.st.stm32cube.ide.mcu.externaltools.gnu-tools-for-stm32.12.3.rel1.win32_1.1.0.202410251130/tools/bin/../lib/gcc/arm-none-eabi/12.3.1/../../../../arm-none-eabi/lib/thumb/v7e-m+fp/hard\libc_nano.a(libc_a-nano-vfprintf.o)
 .text.__sfputs_r
                0x0800d586       0x24 C:/ST/STM32CubeIDE_1.17.0/STM32CubeIDE/plugins/com.st.stm32cube.ide.mcu.externaltools.gnu-tools-for-stm32.12.3.rel1.win32_1.1.0.202410251130/tools/bin/../lib/gcc/arm-none-eabi/12.3.1/../../../../arm-none-eabi/lib/thumb/v7e-m+fp/hard\libc_nano.a(libc_a-nano-vfprintf.o)
                0x0800d586                __sfputs_r
 *fill*         0x0800d5aa        0x2 
 .text._vfprintf_r
                0x0800d5ac      0x230 C:/ST/STM32CubeIDE_1.17.0/STM32CubeIDE/plugins/com.st.stm32cube.ide.mcu.externaltools.gnu-tools-for-stm32.12.3.rel1.win32_1.1.0.202410251130/tools/bin/../lib/gcc/arm-none-eabi/12.3.1/../../../../arm-none-eabi/lib/thumb/v7e-m+fp/hard\libc_nano.a(libc_a-nano-vfprintf.o)
                0x0800d5ac                _vfprintf_r
                0x0800d5ac                _vfiprintf_r
 .text._printf_common
                0x0800d7dc       0xda C:/ST/STM32CubeIDE_1.17.0/STM32CubeIDE/plugins/com.st.stm32cube.ide.mcu.externaltools.gnu-tools-for-stm32.12.3.rel1.win32_1.1.0.202410251130/tools/bin/../lib/gcc/arm-none-eabi/12.3.1/../../../../arm-none-eabi/lib/thumb/v7e-m+fp/hard\libc_nano.a(libc_a-nano-vfprintf_i.o)
                0x0800d7dc                _printf_common
 *fill*         0x0800d8b6        0x2 
 .text._printf_i
                0x0800d8b8      0x240 C:/ST/STM32CubeIDE_1.17.0/STM32CubeIDE/plugins/com.st.stm32cube.ide.mcu.externaltools.gnu-tools-for-stm32.12.3.rel1.win32_1.1.0.202410251130/tools/bin/../lib/gcc/arm-none-eabi/12.3.1/../../../../arm-none-eabi/lib/thumb/v7e-m+fp/hard\libc_nano.a(libc_a-nano-vfprintf_i.o)
                0x0800d8b8                _printf_i
 .text.__sflush_r
                0x0800daf8      0x108 C:/ST/STM32CubeIDE_1.17.0/STM32CubeIDE/plugins/com.st.stm32cube.ide.mcu.externaltools.gnu-tools-for-stm32.12.3.rel1.win32_1.1.0.202410251130/tools/bin/../lib/gcc/arm-none-eabi/12.3.1/../../../../arm-none-eabi/lib/thumb/v7e-m+fp/hard\libc_nano.a(libc_a-fflush.o)
                0x0800daf8                __sflush_r
 .text._fflush_r
                0x0800dc00       0x50 C:/ST/STM32CubeIDE_1.17.0/STM32CubeIDE/plugins/com.st.stm32cube.ide.mcu.externaltools.gnu-tools-for-stm32.12.3.rel1.win32_1.1.0.202410251130/tools/bin/../lib/gcc/arm-none-eabi/12.3.1/../../../../arm-none-eabi/lib/thumb/v7e-m+fp/hard\libc_nano.a(libc_a-fflush.o)
                0x0800dc00                _fflush_r
 .text._putc_r  0x0800dc50       0x68 C:/ST/STM32CubeIDE_1.17.0/STM32CubeIDE/plugins/com.st.stm32cube.ide.mcu.externaltools.gnu-tools-for-stm32.12.3.rel1.win32_1.1.0.202410251130/tools/bin/../lib/gcc/arm-none-eabi/12.3.1/../../../../arm-none-eabi/lib/thumb/v7e-m+fp/hard\libc_nano.a(libc_a-putc.o)
                0x0800dc50                _putc_r
 .text.__swbuf_r
                0x0800dcb8       0x7c C:/ST/STM32CubeIDE_1.17.0/STM32CubeIDE/plugins/com.st.stm32cube.ide.mcu.externaltools.gnu-tools-for-stm32.12.3.rel1.win32_1.1.0.202410251130/tools/bin/../lib/gcc/arm-none-eabi/12.3.1/../../../../arm-none-eabi/lib/thumb/v7e-m+fp/hard\libc_nano.a(libc_a-wbuf.o)
                0x0800dcb8                __swbuf_r
 .text.__swsetup_r
                0x0800dd34       0xac C:/ST/STM32CubeIDE_1.17.0/STM32CubeIDE/plugins/com.st.stm32cube.ide.mcu.externaltools.gnu-tools-for-stm32.12.3.rel1.win32_1.1.0.202410251130/tools/bin/../lib/gcc/arm-none-eabi/12.3.1/../../../../arm-none-eabi/lib/thumb/v7e-m+fp/hard\libc_nano.a(libc_a-wsetup.o)
                0x0800dd34                __swsetup_r
 .text.memmove  0x0800dde0       0x34 C:/ST/STM32CubeIDE_1.17.0/STM32CubeIDE/plugins/com.st.stm32cube.ide.mcu.externaltools.gnu-tools-for-stm32.12.3.rel1.win32_1.1.0.202410251130/tools/bin/../lib/gcc/arm-none-eabi/12.3.1/../../../../arm-none-eabi/lib/thumb/v7e-m+fp/hard\libc_nano.a(libc_a-memmove.o)
                0x0800dde0                memmove
 .text.memcpy   0x0800de14       0x1c C:/ST/STM32CubeIDE_1.17.0/STM32CubeIDE/plugins/com.st.stm32cube.ide.mcu.externaltools.gnu-tools-for-stm32.12.3.rel1.win32_1.1.0.202410251130/tools/bin/../lib/gcc/arm-none-eabi/12.3.1/../../../../arm-none-eabi/lib/thumb/v7e-m+fp/hard\libc_nano.a(libc_a-memcpy-stub.o)
                0x0800de14                memcpy
 .text._realloc_r
                0x0800de30       0x5c C:/ST/STM32CubeIDE_1.17.0/STM32CubeIDE/plugins/com.st.stm32cube.ide.mcu.externaltools.gnu-tools-for-stm32.12.3.rel1.win32_1.1.0.202410251130/tools/bin/../lib/gcc/arm-none-eabi/12.3.1/../../../../arm-none-eabi/lib/thumb/v7e-m+fp/hard\libc_nano.a(libc_a-reallocr.o)
                0x0800de30                _realloc_r
 .text.__swhatbuf_r
                0x0800de8c       0x4c C:/ST/STM32CubeIDE_1.17.0/STM32CubeIDE/plugins/com.st.stm32cube.ide.mcu.externaltools.gnu-tools-for-stm32.12.3.rel1.win32_1.1.0.202410251130/tools/bin/../lib/gcc/arm-none-eabi/12.3.1/../../../../arm-none-eabi/lib/thumb/v7e-m+fp/hard\libc_nano.a(libc_a-makebuf.o)
                0x0800de8c                __swhatbuf_r
 .text.__smakebuf_r
                0x0800ded8       0x78 C:/ST/STM32CubeIDE_1.17.0/STM32CubeIDE/plugins/com.st.stm32cube.ide.mcu.externaltools.gnu-tools-for-stm32.12.3.rel1.win32_1.1.0.202410251130/tools/bin/../lib/gcc/arm-none-eabi/12.3.1/../../../../arm-none-eabi/lib/thumb/v7e-m+fp/hard\libc_nano.a(libc_a-makebuf.o)
                0x0800ded8                __smakebuf_r
 .text._fstat_r
                0x0800df50       0x24 C:/ST/STM32CubeIDE_1.17.0/STM32CubeIDE/plugins/com.st.stm32cube.ide.mcu.externaltools.gnu-tools-for-stm32.12.3.rel1.win32_1.1.0.202410251130/tools/bin/../lib/gcc/arm-none-eabi/12.3.1/../../../../arm-none-eabi/lib/thumb/v7e-m+fp/hard\libc_nano.a(libc_a-fstatr.o)
                0x0800df50                _fstat_r
 .text._isatty_r
                0x0800df74       0x20 C:/ST/STM32CubeIDE_1.17.0/STM32CubeIDE/plugins/com.st.stm32cube.ide.mcu.externaltools.gnu-tools-for-stm32.12.3.rel1.win32_1.1.0.202410251130/tools/bin/../lib/gcc/arm-none-eabi/12.3.1/../../../../arm-none-eabi/lib/thumb/v7e-m+fp/hard\libc_nano.a(libc_a-isattyr.o)
                0x0800df74                _isatty_r
 .text._malloc_usable_size_r
                0x0800df94       0x10 C:/ST/STM32CubeIDE_1.17.0/STM32CubeIDE/plugins/com.st.stm32cube.ide.mcu.externaltools.gnu-tools-for-stm32.12.3.rel1.win32_1.1.0.202410251130/tools/bin/../lib/gcc/arm-none-eabi/12.3.1/../../../../arm-none-eabi/lib/thumb/v7e-m+fp/hard\libc_nano.a(libc_a-msizer.o)
                0x0800df94                _malloc_usable_size_r
 *(.glue_7)
 .glue_7        0x0800dfa4        0x0 linker stubs
 *(.glue_7t)
 .glue_7t       0x0800dfa4        0x0 linker stubs
 *(.eh_frame)
 .eh_frame      0x0800dfa4        0x0 C:/ST/STM32CubeIDE_1.17.0/STM32CubeIDE/plugins/com.st.stm32cube.ide.mcu.externaltools.gnu-tools-for-stm32.12.3.rel1.win32_1.1.0.202410251130/tools/bin/../lib/gcc/arm-none-eabi/12.3.1/thumb/v7e-m+fp/hard/crtbegin.o
 *(.init)
 .init          0x0800dfa4        0x4 C:/ST/STM32CubeIDE_1.17.0/STM32CubeIDE/plugins/com.st.stm32cube.ide.mcu.externaltools.gnu-tools-for-stm32.12.3.rel1.win32_1.1.0.202410251130/tools/bin/../lib/gcc/arm-none-eabi/12.3.1/thumb/v7e-m+fp/hard/crti.o
                0x0800dfa4                _init
 .init          0x0800dfa8        0x8 C:/ST/STM32CubeIDE_1.17.0/STM32CubeIDE/plugins/com.st.stm32cube.ide.mcu.externaltools.gnu-tools-for-stm32.12.3.rel1.win32_1.1.0.202410251130/tools/bin/../lib/gcc/arm-none-eabi/12.3.1/thumb/v7e-m+fp/hard/crtn.o
 *(.fini)
 .fini          0x0800dfb0        0x4 C:/ST/STM32CubeIDE_1.17.0/STM32CubeIDE/plugins/com.st.stm32cube.ide.mcu.externaltools.gnu-tools-for-stm32.12.3.rel1.win32_1.1.0.202410251130/tools/bin/../lib/gcc/arm-none-eabi/12.3.1/thumb/v7e-m+fp/hard/crti.o
                0x0800dfb0                _fini
 .fini          0x0800dfb4        0x8 C:/ST/STM32CubeIDE_1.17.0/STM32CubeIDE/plugins/com.st.stm32cube.ide.mcu.externaltools.gnu-tools-for-stm32.12.3.rel1.win32_1.1.0.202410251130/tools/bin/../lib/gcc/arm-none-eabi/12.3.1/thumb/v7e-m+fp/hard/crtn.o
                0x0800dfbc                        . = ALIGN (0x4)
                0x0800dfbc                        _etext = .

.vfp11_veneer   0x0800dfbc        0x0
 .vfp11_veneer  0x0800dfbc        0x0 linker stubs

.v4_bx          0x0800dfbc        0x0
 .v4_bx         0x0800dfbc        0x0 linker stubs

.iplt           0x0800dfbc        0x0
 .iplt          0x0800dfbc        0x0 C:/ST/STM32CubeIDE_1.17.0/STM32CubeIDE/plugins/com.st.stm32cube.ide.mcu.externaltools.gnu-tools-for-stm32.12.3.rel1.win32_1.1.0.202410251130/tools/bin/../lib/gcc/arm-none-eabi/12.3.1/thumb/v7e-m+fp/hard/crtbegin.o

.rodata         0x0800dfbc     0x2a30
                0x0800dfbc                        . = ALIGN (0x4)
 *(.rodata)
 .rodata        0x0800dfbc       0x6f ./Core/Src/main.o
 *fill*         0x0800e02b        0x1 
 .rodata        0x0800e02c      0x1c5 ./Middlewares/ST/STM32_USB_Host_Library/Class/HID/Src/usbh_hid.o
 *fill*         0x0800e1f1        0x3 
 .rodata        0x0800e1f4      0x460 ./Middlewares/ST/STM32_USB_Host_Library/Core/Src/usbh_core.o
 .rodata        0x0800e654      0x101 ./Middlewares/ST/STM32_USB_Host_Library/Core/Src/usbh_ctlreq.o
 *(.rodata*)
 *fill*         0x0800e755        0x3 
 .rodata.cmd_read_y.2
                0x0800e758        0x1 ./Core/Src/XPT2046_touch.o
 *fill*         0x0800e759        0x3 
 .rodata.zeroes_tx.1
                0x0800e75c        0x2 ./Core/Src/XPT2046_touch.o
 *fill*         0x0800e75e        0x2 
 .rodata.cmd_read_x.0
                0x0800e760        0x1 ./Core/Src/XPT2046_touch.o
 *fill*         0x0800e761        0x3 
 .rodata.Font12_Table
                0x0800e764      0x474 ./Core/Src/font12.o
                0x0800e764                Font12_Table
 .rodata.Font16_Table
                0x0800ebd8      0xbe0 ./Core/Src/font16.o
                0x0800ebd8                Font16_Table
 .rodata.Font20_Table
                0x0800f7b8      0xed8 ./Core/Src/font20.o
                0x0800f7b8                Font20_Table
 .rodata.AHBPrescTable
                0x08010690       0x10 ./Core/Src/system_stm32f4xx.o
                0x08010690                AHBPrescTable
 .rodata.APBPrescTable
                0x080106a0        0x8 ./Core/Src/system_stm32f4xx.o
                0x080106a0                APBPrescTable
 .rodata.imp_0_lctrl
                0x080106a8       0x20 ./Middlewares/ST/STM32_USB_Host_Library/Class/HID/Src/usbh_hid_keybd.o
 .rodata.imp_0_lshift
                0x080106c8       0x20 ./Middlewares/ST/STM32_USB_Host_Library/Class/HID/Src/usbh_hid_keybd.o
 .rodata.imp_0_lalt
                0x080106e8       0x20 ./Middlewares/ST/STM32_USB_Host_Library/Class/HID/Src/usbh_hid_keybd.o
 .rodata.imp_0_lgui
                0x08010708       0x20 ./Middlewares/ST/STM32_USB_Host_Library/Class/HID/Src/usbh_hid_keybd.o
 .rodata.imp_0_rctrl
                0x08010728       0x20 ./Middlewares/ST/STM32_USB_Host_Library/Class/HID/Src/usbh_hid_keybd.o
 .rodata.imp_0_rshift
                0x08010748       0x20 ./Middlewares/ST/STM32_USB_Host_Library/Class/HID/Src/usbh_hid_keybd.o
 .rodata.imp_0_ralt
                0x08010768       0x20 ./Middlewares/ST/STM32_USB_Host_Library/Class/HID/Src/usbh_hid_keybd.o
 .rodata.imp_0_rgui
                0x08010788       0x20 ./Middlewares/ST/STM32_USB_Host_Library/Class/HID/Src/usbh_hid_keybd.o
 .rodata.imp_0_key_array
                0x080107a8       0x20 ./Middlewares/ST/STM32_USB_Host_Library/Class/HID/Src/usbh_hid_keybd.o
 .rodata.HID_KEYBRD_Key
                0x080107c8       0x82 ./Middlewares/ST/STM32_USB_Host_Library/Class/HID/Src/usbh_hid_keybd.o
 *fill*         0x0801084a        0x2 
 .rodata.HID_KEYBRD_ShiftKey
                0x0801084c       0x82 ./Middlewares/ST/STM32_USB_Host_Library/Class/HID/Src/usbh_hid_keybd.o
 *fill*         0x080108ce        0x2 
 .rodata.HID_KEYBRD_Codes
                0x080108d0       0xe8 ./Middlewares/ST/STM32_USB_Host_Library/Class/HID/Src/usbh_hid_keybd.o
 .rodata._svfprintf_r.str1.1
                0x080109b8       0x11 C:/ST/STM32CubeIDE_1.17.0/STM32CubeIDE/plugins/com.st.stm32cube.ide.mcu.externaltools.gnu-tools-for-stm32.12.3.rel1.win32_1.1.0.202410251130/tools/bin/../lib/gcc/arm-none-eabi/12.3.1/../../../../arm-none-eabi/lib/thumb/v7e-m+fp/hard\libc_nano.a(libc_a-nano-svfprintf.o)
 .rodata._vfprintf_r.str1.1
                0x080109c9       0x11 C:/ST/STM32CubeIDE_1.17.0/STM32CubeIDE/plugins/com.st.stm32cube.ide.mcu.externaltools.gnu-tools-for-stm32.12.3.rel1.win32_1.1.0.202410251130/tools/bin/../lib/gcc/arm-none-eabi/12.3.1/../../../../arm-none-eabi/lib/thumb/v7e-m+fp/hard\libc_nano.a(libc_a-nano-vfprintf.o)
 .rodata._printf_i.str1.1
                0x080109c9       0x22 C:/ST/STM32CubeIDE_1.17.0/STM32CubeIDE/plugins/com.st.stm32cube.ide.mcu.externaltools.gnu-tools-for-stm32.12.3.rel1.win32_1.1.0.202410251130/tools/bin/../lib/gcc/arm-none-eabi/12.3.1/../../../../arm-none-eabi/lib/thumb/v7e-m+fp/hard\libc_nano.a(libc_a-nano-vfprintf_i.o)
                0x080109ec                        . = ALIGN (0x4)
 *fill*         0x080109eb        0x1 

.ARM.extab      0x080109ec        0x0
                0x080109ec                        . = ALIGN (0x4)
 *(.ARM.extab* .gnu.linkonce.armextab.*)
                0x080109ec                        . = ALIGN (0x4)

.ARM            0x080109ec        0x8
                0x080109ec                        . = ALIGN (0x4)
                0x080109ec                        __exidx_start = .
 *(.ARM.exidx*)
 .ARM.exidx     0x080109ec        0x8 C:/ST/STM32CubeIDE_1.17.0/STM32CubeIDE/plugins/com.st.stm32cube.ide.mcu.externaltools.gnu-tools-for-stm32.12.3.rel1.win32_1.1.0.202410251130/tools/bin/../lib/gcc/arm-none-eabi/12.3.1/../../../../arm-none-eabi/lib/thumb/v7e-m+fp/hard\libc_nano.a(libc_a-strlen.o)
 .ARM.exidx     0x080109f4        0x0 C:/ST/STM32CubeIDE_1.17.0/STM32CubeIDE/plugins/com.st.stm32cube.ide.mcu.externaltools.gnu-tools-for-stm32.12.3.rel1.win32_1.1.0.202410251130/tools/bin/../lib/gcc/arm-none-eabi/12.3.1/../../../../arm-none-eabi/lib/thumb/v7e-m+fp/hard\libc_nano.a(libc_a-memchr.o)
                                  0x8 (size before relaxing)
 .ARM.exidx     0x080109f4        0x0 C:/ST/STM32CubeIDE_1.17.0/STM32CubeIDE/plugins/com.st.stm32cube.ide.mcu.externaltools.gnu-tools-for-stm32.12.3.rel1.win32_1.1.0.202410251130/tools/bin/../lib/gcc/arm-none-eabi/12.3.1/thumb/v7e-m+fp/hard\libgcc.a(_udivmoddi4.o)
                                  0x8 (size before relaxing)
                0x080109f4                        __exidx_end = .
                0x080109f4                        . = ALIGN (0x4)

.preinit_array  0x080109f4        0x0
                0x080109f4                        . = ALIGN (0x4)
                0x080109f4                        PROVIDE (__preinit_array_start = .)
 *(.preinit_array*)
                0x080109f4                        PROVIDE (__preinit_array_end = .)
                0x080109f4                        . = ALIGN (0x4)

.init_array     0x080109f4        0x4
                0x080109f4                        . = ALIGN (0x4)
                0x080109f4                        PROVIDE (__init_array_start = .)
 *(SORT_BY_NAME(.init_array.*))
 *(.init_array*)
 .init_array    0x080109f4        0x4 C:/ST/STM32CubeIDE_1.17.0/STM32CubeIDE/plugins/com.st.stm32cube.ide.mcu.externaltools.gnu-tools-for-stm32.12.3.rel1.win32_1.1.0.202410251130/tools/bin/../lib/gcc/arm-none-eabi/12.3.1/thumb/v7e-m+fp/hard/crtbegin.o
                0x080109f8                        PROVIDE (__init_array_end = .)
                0x080109f8                        . = ALIGN (0x4)

.fini_array     0x080109f8        0x4
                0x080109f8                        . = ALIGN (0x4)
                [!provide]                        PROVIDE (__fini_array_start = .)
 *(SORT_BY_NAME(.fini_array.*))
 *(.fini_array*)
 .fini_array    0x080109f8        0x4 C:/ST/STM32CubeIDE_1.17.0/STM32CubeIDE/plugins/com.st.stm32cube.ide.mcu.externaltools.gnu-tools-for-stm32.12.3.rel1.win32_1.1.0.202410251130/tools/bin/../lib/gcc/arm-none-eabi/12.3.1/thumb/v7e-m+fp/hard/crtbegin.o
                [!provide]                        PROVIDE (__fini_array_end = .)
                0x080109fc                        . = ALIGN (0x4)
                0x080109fc                        _sidata = LOADADDR (.data)

.rel.dyn        0x080109fc        0x0
 .rel.iplt      0x080109fc        0x0 C:/ST/STM32CubeIDE_1.17.0/STM32CubeIDE/plugins/com.st.stm32cube.ide.mcu.externaltools.gnu-tools-for-stm32.12.3.rel1.win32_1.1.0.202410251130/tools/bin/../lib/gcc/arm-none-eabi/12.3.1/thumb/v7e-m+fp/hard/crtbegin.o

.data           0x20000000      0x298 load address 0x080109fc
                0x20000000                        . = ALIGN (0x4)
                0x20000000                        _sdata = .
 *(.data)
 *(.data*)
 .data.Font12   0x20000000        0x8 ./Core/Src/font12.o
                0x20000000                Font12
 .data.Font16   0x20000008        0x8 ./Core/Src/font16.o
                0x20000008                Font16
 .data.Font20   0x20000010        0x8 ./Core/Src/font20.o
                0x20000010                Font20
 .data.lcdProperties
                0x20000018        0x8 ./Core/Src/ili9341.o
 .data.lcdFont  0x20000020       0x10 ./Core/Src/ili9341.o
 .data.buttons  0x20000030       0x7e ./Core/Src/main.o
                0x20000030                buttons
 *fill*         0x200000ae        0x2 
 .data.queueButton
                0x200000b0       0x2a ./Core/Src/main.o
                0x200000b0                queueButton
 *fill*         0x200000da        0x2 
 .data.runButton
                0x200000dc       0x2a ./Core/Src/main.o
                0x200000dc                runButton
 *fill*         0x20000106        0x2 
 .data.confirmButton
                0x20000108       0x2a ./Core/Src/main.o
                0x20000108                confirmButton
 *fill*         0x20000132        0x2 
 .data.queueSelectButton
                0x20000134       0x2a ./Core/Src/main.o
                0x20000134                queueSelectButton
 *fill*         0x2000015e        0x2 
 .data.selectButton
                0x20000160       0x2a ./Core/Src/main.o
                0x20000160                selectButton
 *fill*         0x2000018a        0x2 
 .data.deleteButton
                0x2000018c       0x2a ./Core/Src/main.o
                0x2000018c                deleteButton
 *fill*         0x200001b6        0x2 
 .data.backButton
                0x200001b8       0x2a ./Core/Src/main.o
                0x200001b8                backButton
 *fill*         0x200001e2        0x2 
 .data.nextButton
                0x200001e4       0x2a ./Core/Src/main.o
                0x200001e4                nextButton
 .data.page_num
                0x2000020e        0x1 ./Core/Src/main.o
 .data.pageNum  0x2000020f        0x1 ./Core/Src/main.o
 .data.SystemCoreClock
                0x20000210        0x4 ./Core/Src/system_stm32f4xx.o
                0x20000210                SystemCoreClock
 .data.uwTickPrio
                0x20000214        0x4 ./Drivers/STM32F4xx_HAL_Driver/Src/stm32f4xx_hal.o
                0x20000214                uwTickPrio
 .data.uwTickFreq
                0x20000218        0x1 ./Drivers/STM32F4xx_HAL_Driver/Src/stm32f4xx_hal.o
                0x20000218                uwTickFreq
 *fill*         0x20000219        0x3 
 .data.HID_Class
                0x2000021c       0x20 ./Middlewares/ST/STM32_USB_Host_Library/Class/HID/Src/usbh_hid.o
                0x2000021c                HID_Class
 .data.__sglue  0x2000023c        0xc C:/ST/STM32CubeIDE_1.17.0/STM32CubeIDE/plugins/com.st.stm32cube.ide.mcu.externaltools.gnu-tools-for-stm32.12.3.rel1.win32_1.1.0.202410251130/tools/bin/../lib/gcc/arm-none-eabi/12.3.1/../../../../arm-none-eabi/lib/thumb/v7e-m+fp/hard\libc_nano.a(libc_a-findfp.o)
                0x2000023c                __sglue
 .data._impure_ptr
                0x20000248        0x4 C:/ST/STM32CubeIDE_1.17.0/STM32CubeIDE/plugins/com.st.stm32cube.ide.mcu.externaltools.gnu-tools-for-stm32.12.3.rel1.win32_1.1.0.202410251130/tools/bin/../lib/gcc/arm-none-eabi/12.3.1/../../../../arm-none-eabi/lib/thumb/v7e-m+fp/hard\libc_nano.a(libc_a-impure.o)
                0x20000248                _impure_ptr
 .data._impure_data
                0x2000024c       0x4c C:/ST/STM32CubeIDE_1.17.0/STM32CubeIDE/plugins/com.st.stm32cube.ide.mcu.externaltools.gnu-tools-for-stm32.12.3.rel1.win32_1.1.0.202410251130/tools/bin/../lib/gcc/arm-none-eabi/12.3.1/../../../../arm-none-eabi/lib/thumb/v7e-m+fp/hard\libc_nano.a(libc_a-impure.o)
                0x2000024c                _impure_data
 *(.RamFunc)
 *(.RamFunc*)
                0x20000298                        . = ALIGN (0x4)
                0x20000298                        _edata = .
                0x08010c94                        _siccmram = LOADADDR (.ccmram)

.igot.plt       0x20000298        0x0 load address 0x08010c94
 .igot.plt      0x20000298        0x0 C:/ST/STM32CubeIDE_1.17.0/STM32CubeIDE/plugins/com.st.stm32cube.ide.mcu.externaltools.gnu-tools-for-stm32.12.3.rel1.win32_1.1.0.202410251130/tools/bin/../lib/gcc/arm-none-eabi/12.3.1/thumb/v7e-m+fp/hard/crtbegin.o

.ccmram         0x10000000        0x0 load address 0x08010c94
                0x10000000                        . = ALIGN (0x4)
                0x10000000                        _sccmram = .
 *(.ccmram)
 *(.ccmram*)
                0x10000000                        . = ALIGN (0x4)
                0x10000000                        _eccmram = .
                0x10000000                        . = ALIGN (0x4)

.bss            0x20000298    0x11ee0
                0x20000298                        _sbss = .
                0x20000298                        __bss_start__ = _sbss
 *(.bss)
 .bss           0x20000298       0x1c C:/ST/STM32CubeIDE_1.17.0/STM32CubeIDE/plugins/com.st.stm32cube.ide.mcu.externaltools.gnu-tools-for-stm32.12.3.rel1.win32_1.1.0.202410251130/tools/bin/../lib/gcc/arm-none-eabi/12.3.1/thumb/v7e-m+fp/hard/crtbegin.o
 *(.bss*)
 .bss.cursorXY  0x200002b4        0x4 ./Core/Src/ili9341.o
 .bss.lcdPortraitConfig
                0x200002b8        0x1 ./Core/Src/ili9341.o
 .bss.lcdLandscapeConfig
                0x200002b9        0x1 ./Core/Src/ili9341.o
 .bss.lcdPortraitMirrorConfig
                0x200002ba        0x1 ./Core/Src/ili9341.o
 .bss.lcdLandscapeMirrorConfig
                0x200002bb        0x1 ./Core/Src/ili9341.o
 .bss.buf.0     0x200002bc      0x100 ./Core/Src/ili9341.o
 .bss.hspi4     0x200003bc       0x58 ./Core/Src/main.o
                0x200003bc                hspi4
 .bss.htim3     0x20000414       0x48 ./Core/Src/main.o
                0x20000414                htim3
 .bss.huart2    0x2000045c       0x48 ./Core/Src/main.o
                0x2000045c                huart2
 .bss.hsram1    0x200004a4       0x50 ./Core/Src/main.o
                0x200004a4                hsram1
 .bss.currentPage
                0x200004f4        0x1 ./Core/Src/main.o
                0x200004f4                currentPage
 .bss.touchFlag
                0x200004f5        0x1 ./Core/Src/main.o
 *fill*         0x200004f6        0x2 
 .bss.i         0x200004f8        0x4 ./Core/Src/main.o
                0x200004f8                i
 .bss.j         0x200004fc        0x4 ./Core/Src/main.o
                0x200004fc                j
 .bss.queueBuffer
                0x20000500     0xfa00 ./Core/Src/main.o
 .bss.queueSize
                0x2000ff00        0x1 ./Core/Src/main.o
 .bss.USB_BUSY  0x2000ff01        0x1 ./Core/Src/main.o
 *fill*         0x2000ff02        0x2 
 .bss.qr_code_data
                0x2000ff04     0x1900 ./Core/Src/main.o
                0x2000ff04                qr_code_data
 .bss.Keyboard_Info
                0x20011804        0x4 ./Core/Src/main.o
                0x20011804                Keyboard_Info
 .bss.protocol_num.1
                0x20011808        0x1 ./Core/Src/main.o
 .bss.protocol_offset.0
                0x20011809        0x1 ./Core/Src/main.o
 *fill*         0x2001180a        0x2 
 .bss.FMC_Initialized
                0x2001180c        0x4 ./Core/Src/stm32f4xx_hal_msp.o
 .bss.__sbrk_heap_end
                0x20011810        0x4 ./Core/Src/sysmem.o
 .bss.uwTick    0x20011814        0x4 ./Drivers/STM32F4xx_HAL_Driver/Src/stm32f4xx_hal.o
                0x20011814                uwTick
 .bss.pFlash    0x20011818       0x20 ./Drivers/STM32F4xx_HAL_Driver/Src/stm32f4xx_hal_flash.o
                0x20011818                pFlash
 .bss.keybd_info
                0x20011838        0xf ./Middlewares/ST/STM32_USB_Host_Library/Class/HID/Src/usbh_hid_keybd.o
                0x20011838                keybd_info
 *fill*         0x20011847        0x1 
 .bss.keybd_rx_report_buf
                0x20011848        0x8 ./Middlewares/ST/STM32_USB_Host_Library/Class/HID/Src/usbh_hid_keybd.o
                0x20011848                keybd_rx_report_buf
 .bss.keybd_report_data
                0x20011850        0x8 ./Middlewares/ST/STM32_USB_Host_Library/Class/HID/Src/usbh_hid_keybd.o
                0x20011850                keybd_report_data
 .bss.mouse_info
                0x20011858        0x5 ./Middlewares/ST/STM32_USB_Host_Library/Class/HID/Src/usbh_hid_mouse.o
                0x20011858                mouse_info
 *fill*         0x2001185d        0x3 
 .bss.mouse_report_data
                0x20011860        0x8 ./Middlewares/ST/STM32_USB_Host_Library/Class/HID/Src/usbh_hid_mouse.o
                0x20011860                mouse_report_data
 .bss.mouse_rx_report_buf