../Drivers/CMSIS/Include/core_cm4.h:2064:26:ITM_SendChar	4
../Core/Src/main.c:171:5:_write	2
../Core/Src/main.c:192:6:USBH_HID_EventCallback	11
../Core/Src/main.c:251:5:main	2
../Core/Src/main.c:330:6:SystemClock_Config	3
../Core/Src/main.c:376:13:MX_SPI4_Init	2
../Core/Src/main.c:414:13:MX_TIM3_Init	4
../Core/Src/main.c:463:13:MX_USART2_UART_Init	2
../Core/Src/main.c:492:13:MX_FMC_Init	2
../Core/Src/main.c:550:13:MX_GPIO_Init	1
../Core/Src/main.c:623:6:DrawMainPage	9
../Core/Src/main.c:706:6:DrawInfoPage	1
../Core/Src/main.c:739:6:DrawConfirmationPage	1
../Core/Src/main.c:763:6:DrawQueuePage	3
../Core/Src/main.c:807:6:DrawPageFinish	1
../Core/Src/main.c:821:9:handleTouch	68
../Core/Src/main.c:982:6:erase_sector	1
../Core/Src/main.c:996:6:write_to_flash	2
../Core/Src/main.c:1015:9:read_from_flash	5
../Core/Src/main.c:1047:9:storeProtocol	10
../Core/Src/main.c:1108:9:get_num_protocols_in_sector	3
../Core/Src/main.c:1124:9:getFreeSector	4
../Core/Src/main.c:1147:6:transmitProtocol	3
../Core/Src/main.c:1170:6:queueProtocol	3
../Core/Src/main.c:1186:6:transmitQueuedProtocols	3
../Core/Src/main.c:1202:6:deleteProtocol	6
../Core/Src/main.c:1245:6:write_number_to_flash	1
../Core/Src/main.c:1250:10:get_sector_address	15
../Core/Src/main.c:1285:10:sector_mapping	15
../Core/Src/main.c:1319:6:HAL_GPIO_EXTI_Callback	3
../Core/Src/main.c:1333:6:Error_Handler	1
